Archive member included because of file (symbol)

C:\Users\Lenovo\Documents\LPCXpresso_6.1.4_194\workspace2\Lib_CMSISv1p30_LPC17xx\Debug\libCMSISv1p30_LPC17xx.a(system_LPC17xx.o)
                              ./src/main.o (SystemCoreClock)
C:\Users\Lenovo\Documents\LPCXpresso_6.1.4_194\workspace2\Lib_EaBaseBoard\Debug\libLib_EaBaseBoard.a(acc.o)
                              ./src/main.o (acc_init)
C:\Users\Lenovo\Documents\LPCXpresso_6.1.4_194\workspace2\Lib_EaBaseBoard\Debug\libLib_EaBaseBoard.a(joystick.o)
                              ./src/main.o (joystick_init)
C:\Users\Lenovo\Documents\LPCXpresso_6.1.4_194\workspace2\Lib_EaBaseBoard\Debug\libLib_EaBaseBoard.a(led7seg.o)
                              ./src/main.o (led7seg_init)
C:\Users\Lenovo\Documents\LPCXpresso_6.1.4_194\workspace2\Lib_EaBaseBoard\Debug\libLib_EaBaseBoard.a(light.o)
                              ./src/main.o (light_enable)
C:\Users\Lenovo\Documents\LPCXpresso_6.1.4_194\workspace2\Lib_EaBaseBoard\Debug\libLib_EaBaseBoard.a(oled.o)
                              ./src/main.o (oled_init)
C:\Users\Lenovo\Documents\LPCXpresso_6.1.4_194\workspace2\Lib_EaBaseBoard\Debug\libLib_EaBaseBoard.a(pca9532.o)
                              ./src/main.o (pca9532_init)
C:\Users\Lenovo\Documents\LPCXpresso_6.1.4_194\workspace2\Lib_EaBaseBoard\Debug\libLib_EaBaseBoard.a(rgb.o)
                              ./src/main.o (rgb_init)
C:\Users\Lenovo\Documents\LPCXpresso_6.1.4_194\workspace2\Lib_EaBaseBoard\Debug\libLib_EaBaseBoard.a(temp.o)
                              ./src/main.o (temp_init)
C:\Users\Lenovo\Documents\LPCXpresso_6.1.4_194\workspace2\Lib_EaBaseBoard\Debug\libLib_EaBaseBoard.a(font5x7.o)
                              C:\Users\Lenovo\Documents\LPCXpresso_6.1.4_194\workspace2\Lib_EaBaseBoard\Debug\libLib_EaBaseBoard.a(oled.o) (font5x7)
C:\Users\Lenovo\Documents\LPCXpresso_6.1.4_194\workspace2\Lib_MCU\Debug\libLib_MCU.a(lpc17xx_gpio.o)
                              ./src/main.o (GPIO_SetDir)
C:\Users\Lenovo\Documents\LPCXpresso_6.1.4_194\workspace2\Lib_MCU\Debug\libLib_MCU.a(lpc17xx_i2c.o)
                              ./src/main.o (I2C_Init)
C:\Users\Lenovo\Documents\LPCXpresso_6.1.4_194\workspace2\Lib_MCU\Debug\libLib_MCU.a(lpc17xx_pinsel.o)
                              ./src/main.o (PINSEL_ConfigPin)
C:\Users\Lenovo\Documents\LPCXpresso_6.1.4_194\workspace2\Lib_MCU\Debug\libLib_MCU.a(lpc17xx_ssp.o)
                              ./src/main.o (SSP_Init)
C:\Users\Lenovo\Documents\LPCXpresso_6.1.4_194\workspace2\Lib_MCU\Debug\libLib_MCU.a(lpc17xx_uart.o)
                              ./src/main.o (UART_TxCmd)
C:\Users\Lenovo\Documents\LPCXpresso_6.1.4_194\workspace2\Lib_MCU\Debug\libLib_MCU.a(lpc17xx_clkpwr.o)
                              C:\Users\Lenovo\Documents\LPCXpresso_6.1.4_194\workspace2\Lib_MCU\Debug\libLib_MCU.a(lpc17xx_i2c.o) (CLKPWR_SetPCLKDiv)
c:/nxp/lpcxpresso_6.1.4_194/lpcxpresso/tools/bin/../lib/gcc/arm-none-eabi/4.6.2/armv7-m\libgcc.a(_arm_addsubdf3.o)
                              ./src/main.o (__aeabi_ui2d)
c:/nxp/lpcxpresso_6.1.4_194/lpcxpresso/tools/bin/../lib/gcc/arm-none-eabi/4.6.2/armv7-m\libgcc.a(_arm_muldivdf3.o)
                              ./src/main.o (__aeabi_ddiv)
c:/nxp/lpcxpresso_6.1.4_194/lpcxpresso/tools/bin/../lib/gcc/arm-none-eabi/4.6.2/armv7-m\libgcc.a(_arm_cmpdf2.o)
                              ./src/main.o (__aeabi_dcmple)
c:/nxp/lpcxpresso_6.1.4_194/lpcxpresso/tools/bin/../lib/gcc/arm-none-eabi/4.6.2/armv7-m\libgcc.a(_aeabi_uldivmod.o)
                              C:\Users\Lenovo\Documents\LPCXpresso_6.1.4_194\workspace2\Lib_CMSISv1p30_LPC17xx\Debug\libCMSISv1p30_LPC17xx.a(system_LPC17xx.o) (__aeabi_uldivmod)
c:/nxp/lpcxpresso_6.1.4_194/lpcxpresso/tools/bin/../lib/gcc/arm-none-eabi/4.6.2/armv7-m\libgcc.a(bpabi.o)
                              c:/nxp/lpcxpresso_6.1.4_194/lpcxpresso/tools/bin/../lib/gcc/arm-none-eabi/4.6.2/armv7-m\libgcc.a(_aeabi_uldivmod.o) (__gnu_uldivmod_helper)
c:/nxp/lpcxpresso_6.1.4_194/lpcxpresso/tools/bin/../lib/gcc/arm-none-eabi/4.6.2/armv7-m\libgcc.a(_dvmd_tls.o)
                              c:/nxp/lpcxpresso_6.1.4_194/lpcxpresso/tools/bin/../lib/gcc/arm-none-eabi/4.6.2/armv7-m\libgcc.a(_aeabi_uldivmod.o) (__aeabi_ldiv0)
c:/nxp/lpcxpresso_6.1.4_194/lpcxpresso/tools/bin/../lib/gcc/arm-none-eabi/4.6.2/armv7-m\libgcc.a(_divdi3.o)
                              c:/nxp/lpcxpresso_6.1.4_194/lpcxpresso/tools/bin/../lib/gcc/arm-none-eabi/4.6.2/armv7-m\libgcc.a(bpabi.o) (__divdi3)
c:/nxp/lpcxpresso_6.1.4_194/lpcxpresso/tools/bin/../lib/gcc/arm-none-eabi/4.6.2/armv7-m\libgcc.a(_udivdi3.o)
                              c:/nxp/lpcxpresso_6.1.4_194/lpcxpresso/tools/bin/../lib/gcc/arm-none-eabi/4.6.2/armv7-m\libgcc.a(bpabi.o) (__udivdi3)
c:/nxp/lpcxpresso_6.1.4_194/lpcxpresso/tools/bin/../lib/gcc/arm-none-eabi/4.6.2/../../../../arm-none-eabi/lib/armv7-m\libc.a(lib_a-memcpy.o)
                              ./src/main.o (memcpy)
[...]
Memory Configuration

Name             Origin             Length             Attributes
MFlash512        0x00000000         0x00080000         xr
RamLoc32         0x10000000         0x00008000         xrw
RamAHB32         0x2007c000         0x00008000         xrw
*default*        0x00000000         0xffffffff

Linker script and memory map

LOAD ./src/cr_startup_lpc17.o
LOAD ./src/main.o
LOAD C:\Users\Lenovo\Documents\LPCXpresso_6.1.4_194\workspace2\Lib_CMSISv1p30_LPC17xx\Debug\libCMSISv1p30_LPC17xx.a
LOAD C:\Users\Lenovo\Documents\LPCXpresso_6.1.4_194\workspace2\Lib_EaBaseBoard\Debug\libLib_EaBaseBoard.a
LOAD C:\Users\Lenovo\Documents\LPCXpresso_6.1.4_194\workspace2\Lib_MCU\Debug\libLib_MCU.a
START GROUP
LOAD c:/nxp/lpcxpresso_6.1.4_194/lpcxpresso/tools/bin/../lib/gcc/arm-none-eabi/4.6.2/armv7-m\libgcc.a
LOAD c:/nxp/lpcxpresso_6.1.4_194/lpcxpresso/tools/bin/../lib/gcc/arm-none-eabi/4.6.2/../../../../arm-none-eabi/lib/armv7-m\libc.a
LOAD c:/nxp/lpcxpresso_6.1.4_194/lpcxpresso/tools/bin/../lib/gcc/arm-none-eabi/4.6.2/../../../../arm-none-eabi/lib/armv7-m\libm.a
LOAD c:/nxp/lpcxpresso_6.1.4_194/lpcxpresso/tools/bin/../lib/gcc/arm-none-eabi/4.6.2/../../../../arm-none-eabi/lib/armv7-m\libcr_newlib_semihost.a
END GROUP
                0x00080000                __top_MFlash512 = 0x80000
                0x10008000                __top_RamLoc32 = 0x10008000
                0x20084000                __top_RamAHB32 = 0x20084000

.text           0x00000000     0x9f84
 FILL mask 0xff
                0x00000000                __vectors_start__ = ABSOLUTE (.)
 *(.isr_vector)
 .isr_vector    0x00000000       0xcc ./src/cr_startup_lpc17.o
                0x00000000                g_pfnVectors
                0x000000cc                . = ALIGN (0x4)
                0x000000cc                __section_table_start = .
                0x000000cc                __data_section_table = .
                0x000000cc        0x4 LONG 0x9f8c LOADADDR (.data)
                0x000000d0        0x4 LONG 0x10000000 ADDR (.data)
                0x000000d4        0x4 LONG 0x8ec SIZEOF (.data)
                0x000000d8        0x4 LONG 0x9f8c LOADADDR (.data_RAM2)
                0x000000dc        0x4 LONG 0x2007c000 ADDR (.data_RAM2)
                0x000000e0        0x4 LONG 0x0 SIZEOF (.data_RAM2)
                0x000000e4                __data_section_table_end = .
                0x000000e4                __bss_section_table = .
                0x000000e4        0x4 LONG 0x100008ec ADDR (.bss)
                0x000000e8        0x4 LONG 0x45c SIZEOF (.bss)
                0x000000ec        0x4 LONG 0x2007c000 ADDR (.bss_RAM2)
                0x000000f0        0x4 LONG 0x0 SIZEOF (.bss_RAM2)
                0x000000f4                __bss_section_table_end = .
                0x000000f4                __section_table_end = .
 *(.after_vectors*)
 *(.text*)
 .text.ResetISR
                0x000000f4       0x68 ./src/cr_startup_lpc17.o
                0x000000f4                ResetISR
 .text.NMI_Handler
                0x0000015c        0x8 ./src/cr_startup_lpc17.o
                0x0000015c                NMI_Handler
 .text.HardFault_Handler
                0x00000164        0x8 ./src/cr_startup_lpc17.o
                0x00000164                HardFault_Handler
 .text.MemManage_Handler
                0x0000016c        0x8 ./src/cr_startup_lpc17.o
                0x0000016c                MemManage_Handler
 .text.BusFault_Handler
                0x00000174        0x8 ./src/cr_startup_lpc17.o
                0x00000174                BusFault_Handler
 .text.UsageFault_Handler
                0x0000017c        0x8 ./src/cr_startup_lpc17.o
                0x0000017c                UsageFault_Handler
 .text.SVCall_Handler
                0x00000184        0x8 ./src/cr_startup_lpc17.o
                0x00000184                SVCall_Handler
 .text.DebugMon_Handler
                0x0000018c        0x8 ./src/cr_startup_lpc17.o
                0x0000018c                DebugMon_Handler
 .text.PendSV_Handler
                0x00000194        0x8 ./src/cr_startup_lpc17.o
                0x00000194                PendSV_Handler
 .text.IntDefaultHandler
                0x0000019c        0x8 ./src/cr_startup_lpc17.o
                0x0000019c                TIMER2_IRQHandler
                0x0000019c                RIT_IRQHandler
                0x0000019c                I2C0_IRQHandler
                0x0000019c                USBActivity_IRQHandler
                0x0000019c                PWM1_IRQHandler
                0x0000019c                I2C1_IRQHandler
                0x0000019c                EINT2_IRQHandler
                0x0000019c                UART1_IRQHandler
                0x0000019c                CANActivity_IRQHandler
                0x0000019c                TIMER3_IRQHandler
                0x0000019c                UART0_IRQHandler
                0x0000019c                IntDefaultHandler
                0x0000019c                PLL0_IRQHandler
                0x0000019c                CAN_IRQHandler
                0x0000019c                PLL1_IRQHandler
                0x0000019c                SSP0_IRQHandler
                0x0000019c                I2S_IRQHandler
                0x0000019c                I2C2_IRQHandler
                0x0000019c                RTC_IRQHandler
                0x0000019c                TIMER0_IRQHandler
                0x0000019c                SPI_IRQHandler
                0x0000019c                EINT1_IRQHandler
                0x0000019c                TIMER1_IRQHandler
                0x0000019c                UART2_IRQHandler
                0x0000019c                ADC_IRQHandler
                0x0000019c                SSP1_IRQHandler
                0x0000019c                USB_IRQHandler
                0x0000019c                BOD_IRQHandler
                0x0000019c                WDT_IRQHandler
                0x0000019c                QEI_IRQHandler
                0x0000019c                EINT0_IRQHandler
                0x0000019c                DMA_IRQHandler
                0x0000019c                UART3_IRQHandler
                0x0000019c                MCPWM_IRQHandler
                0x0000019c                ENET_IRQHandler
 .text.NVIC_SetPriorityGrouping
                0x000001a4       0x50 ./src/main.o
 .text.NVIC_EnableIRQ
                0x000001f4       0x38 ./src/main.o
 .text.NVIC_ClearPendingIRQ
                0x0000022c       0x3c ./src/main.o
 .text.NVIC_SetPriority
                0x00000268       0x5c ./src/main.o
 .text.NVIC_EncodePriority
                0x000002c4       0x78 ./src/main.o
 .text.SysTick_Config
                0x0000033c       0x64 ./src/main.o
 .text.readForwardsensors
                0x000003a0       0x2c ./src/main.o
                0x000003a0                readForwardsensors
 .text.printForward
                0x000003cc      0x1dc ./src/main.o
 .text.incrementLED
                0x000005a8      0x1cc ./src/main.o
                0x000005a8                incrementLED
 .text.setBlinky
                0x00000774      0x118 ./src/main.o
                0x00000774                setBlinky
 .text.init_ssp
                0x0000088c       0x98 ./src/main.o
 .text.init_i2c
                0x00000924       0x5c ./src/main.o
 .text.init_GPIO
                0x00000980       0x68 ./src/main.o
 .text.ready_uart
                0x000009e8       0x84 ./src/main.o
                0x000009e8                ready_uart
 .text.SysTick_Handler
                0x00000a6c       0x24 ./src/main.o
                0x00000a6c                SysTick_Handler
 .text.getTicks
                0x00000a90       0x18 ./src/main.o
 .text.EINT3_IRQHandler
                0x00000aa8       0xb8 ./src/main.o
                0x00000aa8                EINT3_IRQHandler
 .text.main     0x00000b60      0xcc8 ./src/main.o
                0x00000b60                main
 .text.check_failed
                0x00001828        0xc ./src/main.o
                0x00001828                check_failed
 .text.SystemInit
                0x00001834      0x22c C:\Users\Lenovo\Documents\LPCXpresso_6.1.4_194\workspace2\Lib_CMSISv1p30_LPC17xx\Debug\libCMSISv1p30_LPC17xx.a(system_LPC17xx.o)
                0x00001834                SystemInit
 .text.I2CRead  0x00001a60       0x5c C:\Users\Lenovo\Documents\LPCXpresso_6.1.4_194\workspace2\Lib_EaBaseBoard\Debug\libLib_EaBaseBoard.a(acc.o)
 .text.I2CWrite
                0x00001abc       0x5c C:\Users\Lenovo\Documents\LPCXpresso_6.1.4_194\workspace2\Lib_EaBaseBoard\Debug\libLib_EaBaseBoard.a(acc.o)
 .text.getStatus
                0x00001b18       0x3c C:\Users\Lenovo\Documents\LPCXpresso_6.1.4_194\workspace2\Lib_EaBaseBoard\Debug\libLib_EaBaseBoard.a(acc.o)
 .text.setModeControl
                0x00001b54       0x30 C:\Users\Lenovo\Documents\LPCXpresso_6.1.4_194\workspace2\Lib_EaBaseBoard\Debug\libLib_EaBaseBoard.a(acc.o)
 .text.acc_init
                0x00001b84       0x10 C:\Users\Lenovo\Documents\LPCXpresso_6.1.4_194\workspace2\Lib_EaBaseBoard\Debug\libLib_EaBaseBoard.a(acc.o)
                0x00001b84                acc_init
 .text.acc_read
                0x00001b94       0xbc C:\Users\Lenovo\Documents\LPCXpresso_6.1.4_194\workspace2\Lib_EaBaseBoard\Debug\libLib_EaBaseBoard.a(acc.o)
                0x00001b94                acc_read
 .text.joystick_init
                0x00001c50       0x28 C:\Users\Lenovo\Documents\LPCXpresso_6.1.4_194\workspace2\Lib_EaBaseBoard\Debug\libLib_EaBaseBoard.a(joystick.o)
                0x00001c50                joystick_init
 .text.led7seg_init
                0x00001c78       0x24 C:\Users\Lenovo\Documents\LPCXpresso_6.1.4_194\workspace2\Lib_EaBaseBoard\Debug\libLib_EaBaseBoard.a(led7seg.o)
                0x00001c78                led7seg_init
 .text.led7seg_setChar
                0x00001c9c       0x88 C:\Users\Lenovo\Documents\LPCXpresso_6.1.4_194\workspace2\Lib_EaBaseBoard\Debug\libLib_EaBaseBoard.a(led7seg.o)
                0x00001c9c                led7seg_setChar
 .text.I2CRead  0x00001d24       0x5c C:\Users\Lenovo\Documents\LPCXpresso_6.1.4_194\workspace2\Lib_EaBaseBoard\Debug\libLib_EaBaseBoard.a(light.o)
 .text.I2CWrite
                0x00001d80       0x5c C:\Users\Lenovo\Documents\LPCXpresso_6.1.4_194\workspace2\Lib_EaBaseBoard\Debug\libLib_EaBaseBoard.a(light.o)
 .text.readControlReg
                0x00001ddc       0x3c C:\Users\Lenovo\Documents\LPCXpresso_6.1.4_194\workspace2\Lib_EaBaseBoard\Debug\libLib_EaBaseBoard.a(light.o)
 .text.light_enable
                0x00001e18       0x48 C:\Users\Lenovo\Documents\LPCXpresso_6.1.4_194\workspace2\Lib_EaBaseBoard\Debug\libLib_EaBaseBoard.a(light.o)
                0x00001e18                light_enable
 .text.light_read
                0x00001e60       0x90 C:\Users\Lenovo\Documents\LPCXpresso_6.1.4_194\workspace2\Lib_EaBaseBoard\Debug\libLib_EaBaseBoard.a(light.o)
                0x00001e60                light_read
 .text.light_setRange
                0x00001ef0       0xac C:\Users\Lenovo\Documents\LPCXpresso_6.1.4_194\workspace2\Lib_EaBaseBoard\Debug\libLib_EaBaseBoard.a(light.o)
                0x00001ef0                light_setRange
 .text.light_setHiThreshold
                0x00001f9c       0x58 C:\Users\Lenovo\Documents\LPCXpresso_6.1.4_194\workspace2\Lib_EaBaseBoard\Debug\libLib_EaBaseBoard.a(light.o)
                0x00001f9c                light_setHiThreshold
 .text.light_setLoThreshold
                0x00001ff4       0x58 C:\Users\Lenovo\Documents\LPCXpresso_6.1.4_194\workspace2\Lib_EaBaseBoard\Debug\libLib_EaBaseBoard.a(light.o)
                0x00001ff4                light_setLoThreshold
 .text.light_setIrqInCycles
                0x0000204c       0x48 C:\Users\Lenovo\Documents\LPCXpresso_6.1.4_194\workspace2\Lib_EaBaseBoard\Debug\libLib_EaBaseBoard.a(light.o)
                0x0000204c                light_setIrqInCycles
 .text.light_clearIrqStatus
                0x00002094       0x3c C:\Users\Lenovo\Documents\LPCXpresso_6.1.4_194\workspace2\Lib_EaBaseBoard\Debug\libLib_EaBaseBoard.a(light.o)
                0x00002094                light_clearIrqStatus
 .text.writeCommand
                0x000020d0       0x60 C:\Users\Lenovo\Documents\LPCXpresso_6.1.4_194\workspace2\Lib_EaBaseBoard\Debug\libLib_EaBaseBoard.a(oled.o)
 .text.writeData
                0x00002130       0x60 C:\Users\Lenovo\Documents\LPCXpresso_6.1.4_194\workspace2\Lib_EaBaseBoard\Debug\libLib_EaBaseBoard.a(oled.o)
 .text.writeDataLen
                0x00002190       0x8c C:\Users\Lenovo\Documents\LPCXpresso_6.1.4_194\workspace2\Lib_EaBaseBoard\Debug\libLib_EaBaseBoard.a(oled.o)
 .text.runInitSequence
                0x0000221c      0x118 C:\Users\Lenovo\Documents\LPCXpresso_6.1.4_194\workspace2\Lib_EaBaseBoard\Debug\libLib_EaBaseBoard.a(oled.o)
 .text.oled_init
                0x00002334       0x9c C:\Users\Lenovo\Documents\LPCXpresso_6.1.4_194\workspace2\Lib_EaBaseBoard\Debug\libLib_EaBaseBoard.a(oled.o)
                0x00002334                oled_init
 .text.oled_putPixel
                0x000023d0      0x188 C:\Users\Lenovo\Documents\LPCXpresso_6.1.4_194\workspace2\Lib_EaBaseBoard\Debug\libLib_EaBaseBoard.a(oled.o)
                0x000023d0                oled_putPixel
 .text.oled_clearScreen
                0x00002558       0x74 C:\Users\Lenovo\Documents\LPCXpresso_6.1.4_194\workspace2\Lib_EaBaseBoard\Debug\libLib_EaBaseBoard.a(oled.o)
                0x00002558                oled_clearScreen
 .text.oled_putChar
                0x000025cc       0xf0 C:\Users\Lenovo\Documents\LPCXpresso_6.1.4_194\workspace2\Lib_EaBaseBoard\Debug\libLib_EaBaseBoard.a(oled.o)
                0x000025cc                oled_putChar
 .text.oled_putString
                0x000026bc       0x54 C:\Users\Lenovo\Documents\LPCXpresso_6.1.4_194\workspace2\Lib_EaBaseBoard\Debug\libLib_EaBaseBoard.a(oled.o)
                0x000026bc                oled_putString
 .text.I2CWrite
                0x00002710       0x5c C:\Users\Lenovo\Documents\LPCXpresso_6.1.4_194\workspace2\Lib_EaBaseBoard\Debug\libLib_EaBaseBoard.a(pca9532.o)
 .text.setLsStates
                0x0000276c       0xc4 C:\Users\Lenovo\Documents\LPCXpresso_6.1.4_194\workspace2\Lib_EaBaseBoard\Debug\libLib_EaBaseBoard.a(pca9532.o)
 .text.setLeds  0x00002830       0xa0 C:\Users\Lenovo\Documents\LPCXpresso_6.1.4_194\workspace2\Lib_EaBaseBoard\Debug\libLib_EaBaseBoard.a(pca9532.o)
 .text.pca9532_init
                0x000028d0        0xc C:\Users\Lenovo\Documents\LPCXpresso_6.1.4_194\workspace2\Lib_EaBaseBoard\Debug\libLib_EaBaseBoard.a(pca9532.o)
                0x000028d0                pca9532_init
 .text.pca9532_setLeds
                0x000028dc       0xa0 C:\Users\Lenovo\Documents\LPCXpresso_6.1.4_194\workspace2\Lib_EaBaseBoard\Debug\libLib_EaBaseBoard.a(pca9532.o)
                0x000028dc                pca9532_setLeds
 .text.rgb_init
                0x0000297c       0x38 C:\Users\Lenovo\Documents\LPCXpresso_6.1.4_194\workspace2\Lib_EaBaseBoard\Debug\libLib_EaBaseBoard.a(rgb.o)
                0x0000297c                rgb_init
 .text.temp_init
                0x000029b4       0x2c C:\Users\Lenovo\Documents\LPCXpresso_6.1.4_194\workspace2\Lib_EaBaseBoard\Debug\libLib_EaBaseBoard.a(temp.o)
                0x000029b4                temp_init
 .text.temp_read
                0x000029e0      0x10c C:\Users\Lenovo\Documents\LPCXpresso_6.1.4_194\workspace2\Lib_EaBaseBoard\Debug\libLib_EaBaseBoard.a(temp.o)
                0x000029e0                temp_read
 .text.GPIO_GetPointer
                0x00002aec       0x7c C:\Users\Lenovo\Documents\LPCXpresso_6.1.4_194\workspace2\Lib_MCU\Debug\libLib_MCU.a(lpc17xx_gpio.o)
 .text.GPIO_SetDir
                0x00002b68       0x54 C:\Users\Lenovo\Documents\LPCXpresso_6.1.4_194\workspace2\Lib_MCU\Debug\libLib_MCU.a(lpc17xx_gpio.o)
                0x00002b68                GPIO_SetDir
 .text.GPIO_SetValue
                0x00002bbc       0x2c C:\Users\Lenovo\Documents\LPCXpresso_6.1.4_194\workspace2\Lib_MCU\Debug\libLib_MCU.a(lpc17xx_gpio.o)
                0x00002bbc                GPIO_SetValue
 .text.GPIO_ClearValue
                0x00002be8       0x2c C:\Users\Lenovo\Documents\LPCXpresso_6.1.4_194\workspace2\Lib_MCU\Debug\libLib_MCU.a(lpc17xx_gpio.o)
                0x00002be8                GPIO_ClearValue
 .text.GPIO_ReadValue
                0x00002c14       0x30 C:\Users\Lenovo\Documents\LPCXpresso_6.1.4_194\workspace2\Lib_MCU\Debug\libLib_MCU.a(lpc17xx_gpio.o)
                0x00002c14                GPIO_ReadValue
 .text.NVIC_EnableIRQ
                0x00002c44       0x38 C:\Users\Lenovo\Documents\LPCXpresso_6.1.4_194\workspace2\Lib_MCU\Debug\libLib_MCU.a(lpc17xx_i2c.o)
 .text.NVIC_DisableIRQ
                0x00002c7c       0x3c C:\Users\Lenovo\Documents\LPCXpresso_6.1.4_194\workspace2\Lib_MCU\Debug\libLib_MCU.a(lpc17xx_i2c.o)
 .text.I2C_getNum
                0x00002cb8       0x54 C:\Users\Lenovo\Documents\LPCXpresso_6.1.4_194\workspace2\Lib_MCU\Debug\libLib_MCU.a(lpc17xx_i2c.o)
 .text.I2C_Start
                0x00002d0c       0x44 C:\Users\Lenovo\Documents\LPCXpresso_6.1.4_194\workspace2\Lib_MCU\Debug\libLib_MCU.a(lpc17xx_i2c.o)
 .text.I2C_Stop
                0x00002d50       0x38 C:\Users\Lenovo\Documents\LPCXpresso_6.1.4_194\workspace2\Lib_MCU\Debug\libLib_MCU.a(lpc17xx_i2c.o)
 .text.I2C_SendByte
                0x00002d88       0x50 C:\Users\Lenovo\Documents\LPCXpresso_6.1.4_194\workspace2\Lib_MCU\Debug\libLib_MCU.a(lpc17xx_i2c.o)
 .text.I2C_GetByte
                0x00002dd8       0x5c C:\Users\Lenovo\Documents\LPCXpresso_6.1.4_194\workspace2\Lib_MCU\Debug\libLib_MCU.a(lpc17xx_i2c.o)
 .text.I2C_IntCmd
                0x00002e34       0xa8 C:\Users\Lenovo\Documents\LPCXpresso_6.1.4_194\workspace2\Lib_MCU\Debug\libLib_MCU.a(lpc17xx_i2c.o)
                0x00002e34                I2C_IntCmd
 .text.I2C_MasterHandler
                0x00002edc      0x408 C:\Users\Lenovo\Documents\LPCXpresso_6.1.4_194\workspace2\Lib_MCU\Debug\libLib_MCU.a(lpc17xx_i2c.o)
                0x00002edc                I2C_MasterHandler
 .text.I2C_SetClock
                0x000032e4       0xc8 C:\Users\Lenovo\Documents\LPCXpresso_6.1.4_194\workspace2\Lib_MCU\Debug\libLib_MCU.a(lpc17xx_i2c.o)
                0x000032e4                I2C_SetClock
 .text.I2C_Init
                0x000033ac       0xd8 C:\Users\Lenovo\Documents\LPCXpresso_6.1.4_194\workspace2\Lib_MCU\Debug\libLib_MCU.a(lpc17xx_i2c.o)
                0x000033ac                I2C_Init
 .text.I2C_Cmd  0x00003484       0x84 C:\Users\Lenovo\Documents\LPCXpresso_6.1.4_194\workspace2\Lib_MCU\Debug\libLib_MCU.a(lpc17xx_i2c.o)
                0x00003484                I2C_Cmd
 .text.I2C_MasterTransferData
                0x00003508      0x390 C:\Users\Lenovo\Documents\LPCXpresso_6.1.4_194\workspace2\Lib_MCU\Debug\libLib_MCU.a(lpc17xx_i2c.o)
                0x00003508                I2C_MasterTransferData
 .text.PINSEL_SetPinFunc
                0x00003898       0x9c C:\Users\Lenovo\Documents\LPCXpresso_6.1.4_194\workspace2\Lib_MCU\Debug\libLib_MCU.a(lpc17xx_pinsel.o)
                0x00003898                PINSEL_SetPinFunc
 .text.PINSEL_SetResistorMode
                0x00003934       0x9c C:\Users\Lenovo\Documents\LPCXpresso_6.1.4_194\workspace2\Lib_MCU\Debug\libLib_MCU.a(lpc17xx_pinsel.o)
                0x00003934                PINSEL_SetResistorMode
 .text.PINSEL_SetOpenDrainMode
                0x000039d0       0x7c C:\Users\Lenovo\Documents\LPCXpresso_6.1.4_194\workspace2\Lib_MCU\Debug\libLib_MCU.a(lpc17xx_pinsel.o)
                0x000039d0                PINSEL_SetOpenDrainMode
 .text.PINSEL_ConfigPin
                0x00003a4c       0x54 C:\Users\Lenovo\Documents\LPCXpresso_6.1.4_194\workspace2\Lib_MCU\Debug\libLib_MCU.a(lpc17xx_pinsel.o)
                0x00003a4c                PINSEL_ConfigPin
 .text.SSP_getNum
                0x00003aa0       0x40 C:\Users\Lenovo\Documents\LPCXpresso_6.1.4_194\workspace2\Lib_MCU\Debug\libLib_MCU.a(lpc17xx_ssp.o)
 .text.SSP_IntHandler
                0x00003ae0      0x338 C:\Users\Lenovo\Documents\LPCXpresso_6.1.4_194\workspace2\Lib_MCU\Debug\libLib_MCU.a(lpc17xx_ssp.o)
                0x00003ae0                SSP_IntHandler
 .text.SSP_SetClock
                0x00003e18       0xf8 C:\Users\Lenovo\Documents\LPCXpresso_6.1.4_194\workspace2\Lib_MCU\Debug\libLib_MCU.a(lpc17xx_ssp.o)
                0x00003e18                SSP_SetClock
 .text.SSP_Init
                0x00003f10      0x10c C:\Users\Lenovo\Documents\LPCXpresso_6.1.4_194\workspace2\Lib_MCU\Debug\libLib_MCU.a(lpc17xx_ssp.o)
                0x00003f10                SSP_Init
 .text.SSP_ConfigStructInit
                0x0000401c       0x48 C:\Users\Lenovo\Documents\LPCXpresso_6.1.4_194\workspace2\Lib_MCU\Debug\libLib_MCU.a(lpc17xx_ssp.o)
                0x0000401c                SSP_ConfigStructInit
 .text.SSP_Cmd  0x00004064       0x7c C:\Users\Lenovo\Documents\LPCXpresso_6.1.4_194\workspace2\Lib_MCU\Debug\libLib_MCU.a(lpc17xx_ssp.o)
                0x00004064                SSP_Cmd
 .text.SSP_SendData
                0x000040e0       0x48 C:\Users\Lenovo\Documents\LPCXpresso_6.1.4_194\workspace2\Lib_MCU\Debug\libLib_MCU.a(lpc17xx_ssp.o)
                0x000040e0                SSP_SendData
 .text.SSP_ReceiveData
                0x00004128       0x44 C:\Users\Lenovo\Documents\LPCXpresso_6.1.4_194\workspace2\Lib_MCU\Debug\libLib_MCU.a(lpc17xx_ssp.o)
                0x00004128                SSP_ReceiveData
 .text.SSP_ReadWrite
                0x0000416c      0x440 C:\Users\Lenovo\Documents\LPCXpresso_6.1.4_194\workspace2\Lib_MCU\Debug\libLib_MCU.a(lpc17xx_ssp.o)
                0x0000416c                SSP_ReadWrite
 .text.uart_set_divisors
                0x000045ac      0x26c C:\Users\Lenovo\Documents\LPCXpresso_6.1.4_194\workspace2\Lib_MCU\Debug\libLib_MCU.a(lpc17xx_uart.o)
                0x000045ac                uart_set_divisors
 .text.UART_Init
                0x00004818      0x368 C:\Users\Lenovo\Documents\LPCXpresso_6.1.4_194\workspace2\Lib_MCU\Debug\libLib_MCU.a(lpc17xx_uart.o)
                0x00004818                UART_Init
 .text.UART_SendData
                0x00004b80       0x78 C:\Users\Lenovo\Documents\LPCXpresso_6.1.4_194\workspace2\Lib_MCU\Debug\libLib_MCU.a(lpc17xx_uart.o)
                0x00004b80                UART_SendData
 .text.UART_TxCmd
                0x00004bf8       0xe8 C:\Users\Lenovo\Documents\LPCXpresso_6.1.4_194\workspace2\Lib_MCU\Debug\libLib_MCU.a(lpc17xx_uart.o)
                0x00004bf8                UART_TxCmd
 .text.UART_Send
                0x00004ce0      0x10c C:\Users\Lenovo\Documents\LPCXpresso_6.1.4_194\workspace2\Lib_MCU\Debug\libLib_MCU.a(lpc17xx_uart.o)
                0x00004ce0                UART_Send
 .text.CLKPWR_SetPCLKDiv
                0x00004dec       0xcc C:\Users\Lenovo\Documents\LPCXpresso_6.1.4_194\workspace2\Lib_MCU\Debug\libLib_MCU.a(lpc17xx_clkpwr.o)
                0x00004dec                CLKPWR_SetPCLKDiv
 .text.CLKPWR_GetPCLKSEL
                0x00004eb8       0x54 C:\Users\Lenovo\Documents\LPCXpresso_6.1.4_194\workspace2\Lib_MCU\Debug\libLib_MCU.a(lpc17xx_clkpwr.o)
                0x00004eb8                CLKPWR_GetPCLKSEL
 .text.CLKPWR_GetPCLK
                0x00004f0c       0x74 C:\Users\Lenovo\Documents\LPCXpresso_6.1.4_194\workspace2\Lib_MCU\Debug\libLib_MCU.a(lpc17xx_clkpwr.o)
                0x00004f0c                CLKPWR_GetPCLK
 .text.CLKPWR_ConfigPPWR
                0x00004f80       0x78 C:\Users\Lenovo\Documents\LPCXpresso_6.1.4_194\workspace2\Lib_MCU\Debug\libLib_MCU.a(lpc17xx_clkpwr.o)
                0x00004f80                CLKPWR_ConfigPPWR
 .text          0x00004ff8      0x370 c:/nxp/lpcxpresso_6.1.4_194/lpcxpresso/tools/bin/../lib/gcc/arm-none-eabi/4.6.2/armv7-m\libgcc.a(_arm_addsubdf3.o)
                0x00004ff8                __aeabi_drsub
                0x00005000                __aeabi_dsub
                0x00005000                __subdf3
                0x00005004                __aeabi_dadd
                0x00005004                __adddf3
                0x0000527c                __floatunsidf
                0x0000527c                __aeabi_ui2d
                0x0000529c                __floatsidf
                0x0000529c                __aeabi_i2d
                0x000052c0                __aeabi_f2d
                0x000052c0                __extendsfdf2
                0x000052fc                __floatundidf
                0x000052fc                __aeabi_ul2d
                0x0000530c                __floatdidf
                0x0000530c                __aeabi_l2d
 .text          0x00005368      0x424 c:/nxp/lpcxpresso_6.1.4_194/lpcxpresso/tools/bin/../lib/gcc/arm-none-eabi/4.6.2/armv7-m\libgcc.a(_arm_muldivdf3.o)
                0x00005368                __aeabi_dmul
                0x00005368                __muldf3
                0x000055bc                __divdf3
                0x000055bc                __aeabi_ddiv
 .text          0x0000578c      0x110 c:/nxp/lpcxpresso_6.1.4_194/lpcxpresso/tools/bin/../lib/gcc/arm-none-eabi/4.6.2/armv7-m\libgcc.a(_arm_cmpdf2.o)
                0x0000578c                __gtdf2
                0x0000578c                __gedf2
                0x00005794                __ltdf2
                0x00005794                __ledf2
                0x0000579c                __nedf2
                0x0000579c                __eqdf2
                0x0000579c                __cmpdf2
                0x00005818                __aeabi_cdrcmple
                0x00005828                __aeabi_cdcmpeq
                0x00005828                __aeabi_cdcmple
                0x00005838                __aeabi_dcmpeq
                0x0000584c                __aeabi_dcmplt
                0x00005860                __aeabi_dcmple
                0x00005874                __aeabi_dcmpge
                0x00005888                __aeabi_dcmpgt
 .text          0x0000589c       0x2c c:/nxp/lpcxpresso_6.1.4_194/lpcxpresso/tools/bin/../lib/gcc/arm-none-eabi/4.6.2/armv7-m\libgcc.a(_aeabi_uldivmod.o)
                0x0000589c                __aeabi_uldivmod
 .text          0x000058c8       0x5c c:/nxp/lpcxpresso_6.1.4_194/lpcxpresso/tools/bin/../lib/gcc/arm-none-eabi/4.6.2/armv7-m\libgcc.a(bpabi.o)
                0x000058c8                __gnu_ldivmod_helper
                0x000058f8                __gnu_uldivmod_helper
 .text          0x00005924        0x4 c:/nxp/lpcxpresso_6.1.4_194/lpcxpresso/tools/bin/../lib/gcc/arm-none-eabi/4.6.2/armv7-m\libgcc.a(_dvmd_tls.o)
                0x00005924                __aeabi_idiv0
                0x00005924                __aeabi_ldiv0
 .text          0x00005928      0x2c8 c:/nxp/lpcxpresso_6.1.4_194/lpcxpresso/tools/bin/../lib/gcc/arm-none-eabi/4.6.2/armv7-m\libgcc.a(_divdi3.o)
                0x00005928                __divdi3
 .text          0x00005bf0      0x298 c:/nxp/lpcxpresso_6.1.4_194/lpcxpresso/tools/bin/../lib/gcc/arm-none-eabi/4.6.2/armv7-m\libgcc.a(_udivdi3.o)
                0x00005bf0                __udivdi3
 .text.memcpy   0x00005e88       0x84 c:/nxp/lpcxpresso_6.1.4_194/lpcxpresso/tools/bin/../lib/gcc/arm-none-eabi/4.6.2/../../../../arm-none-eabi/lib/armv7-m\libc.a(lib_a-memcpy.o)
                0x00005e88                memcpy
 .text.memset   0x00005f0c       0x90 c:/nxp/lpcxpresso_6.1.4_194/lpcxpresso/tools/bin/../lib/gcc/arm-none-eabi/4.6.2/../../../../arm-none-eabi/lib/armv7-m\libc.a(lib_a-memset.o)
                0x00005f0c                memset
 .text.sprintf  0x00005f9c       0x50 c:/nxp/lpcxpresso_6.1.4_194/lpcxpresso/tools/bin/../lib/gcc/arm-none-eabi/4.6.2/../../../../arm-none-eabi/lib/armv7-m\libc.a(lib_a-sprintf.o)
                0x00005f9c                sprintf
 .text.strlen   0x00005fec       0x60 c:/nxp/lpcxpresso_6.1.4_194/lpcxpresso/tools/bin/../lib/gcc/arm-none-eabi/4.6.2/../../../../arm-none-eabi/lib/armv7-m\libc.a(lib_a-strlen.o)
                0x00005fec                strlen
 .text._svfprintf_r
                0x0000604c     0x1408 c:/nxp/lpcxpresso_6.1.4_194/lpcxpresso/tools/bin/../lib/gcc/arm-none-eabi/4.6.2/../../../../arm-none-eabi/lib/armv7-m\libc.a(lib_a-svfprintf.o)
                0x0000604c                _svfprintf_r
 .text.quorem   0x00007454      0x150 c:/nxp/lpcxpresso_6.1.4_194/lpcxpresso/tools/bin/../lib/gcc/arm-none-eabi/4.6.2/../../../../arm-none-eabi/lib/armv7-m\libc.a(lib_a-dtoa.o)
 *fill*         0x000075a4        0x4 00
 .text._dtoa_r  0x000075a8      0xe60 c:/nxp/lpcxpresso_6.1.4_194/lpcxpresso/tools/bin/../lib/gcc/arm-none-eabi/4.6.2/../../../../arm-none-eabi/lib/armv7-m\libc.a(lib_a-dtoa.o)
                0x000075a8                _dtoa_r
 .text._localeconv_r
                0x00008408        0xc c:/nxp/lpcxpresso_6.1.4_194/lpcxpresso/tools/bin/../lib/gcc/arm-none-eabi/4.6.2/../../../../arm-none-eabi/lib/armv7-m\libc.a(lib_a-locale.o)
                0x00008408                _localeconv_r
 .text._malloc_r
                0x00008414      0x528 c:/nxp/lpcxpresso_6.1.4_194/lpcxpresso/tools/bin/../lib/gcc/arm-none-eabi/4.6.2/../../../../arm-none-eabi/lib/armv7-m\libc.a(lib_a-mallocr.o)
                0x00008414                _malloc_r
 .text.memchr   0x0000893c       0x84 c:/nxp/lpcxpresso_6.1.4_194/lpcxpresso/tools/bin/../lib/gcc/arm-none-eabi/4.6.2/../../../../arm-none-eabi/lib/armv7-m\libc.a(lib_a-memchr.o)
                0x0000893c                memchr
 .text.__malloc_lock
                0x000089c0        0x4 c:/nxp/lpcxpresso_6.1.4_194/lpcxpresso/tools/bin/../lib/gcc/arm-none-eabi/4.6.2/../../../../arm-none-eabi/lib/armv7-m\libc.a(lib_a-mlock.o)
                0x000089c0                __malloc_lock
 .text.__malloc_unlock
                0x000089c4        0x4 c:/nxp/lpcxpresso_6.1.4_194/lpcxpresso/tools/bin/../lib/gcc/arm-none-eabi/4.6.2/../../../../arm-none-eabi/lib/armv7-m\libc.a(lib_a-mlock.o)
                0x000089c4                __malloc_unlock
 .text._Balloc  0x000089c8       0x4c c:/nxp/lpcxpresso_6.1.4_194/lpcxpresso/tools/bin/../lib/gcc/arm-none-eabi/4.6.2/../../../../arm-none-eabi/lib/armv7-m\libc.a(lib_a-mprec.o)
                0x000089c8                _Balloc
 .text._Bfree   0x00008a14       0x14 c:/nxp/lpcxpresso_6.1.4_194/lpcxpresso/tools/bin/../lib/gcc/arm-none-eabi/4.6.2/../../../../arm-none-eabi/lib/armv7-m\libc.a(lib_a-mprec.o)
                0x00008a14                _Bfree
 .text.__multadd
                0x00008a28       0x84 c:/nxp/lpcxpresso_6.1.4_194/lpcxpresso/tools/bin/../lib/gcc/arm-none-eabi/4.6.2/../../../../arm-none-eabi/lib/armv7-m\libc.a(lib_a-mprec.o)
                0x00008a28                __multadd
 .text.__hi0bits
                0x00008aac       0x3c c:/nxp/lpcxpresso_6.1.4_194/lpcxpresso/tools/bin/../lib/gcc/arm-none-eabi/4.6.2/../../../../arm-none-eabi/lib/armv7-m\libc.a(lib_a-mprec.o)
                0x00008aac                __hi0bits
 .text.__lo0bits
                0x00008ae8       0x5c c:/nxp/lpcxpresso_6.1.4_194/lpcxpresso/tools/bin/../lib/gcc/arm-none-eabi/4.6.2/../../../../arm-none-eabi/lib/armv7-m\libc.a(lib_a-mprec.o)
                0x00008ae8                __lo0bits
 .text.__i2b    0x00008b44       0x14 c:/nxp/lpcxpresso_6.1.4_194/lpcxpresso/tools/bin/../lib/gcc/arm-none-eabi/4.6.2/../../../../arm-none-eabi/lib/armv7-m\libc.a(lib_a-mprec.o)
                0x00008b44                __i2b
 .text.__multiply
                0x00008b58      0x144 c:/nxp/lpcxpresso_6.1.4_194/lpcxpresso/tools/bin/../lib/gcc/arm-none-eabi/4.6.2/../../../../arm-none-eabi/lib/armv7-m\libc.a(lib_a-mprec.o)
                0x00008b58                __multiply
 .text.__pow5mult
                0x00008c9c       0x98 c:/nxp/lpcxpresso_6.1.4_194/lpcxpresso/tools/bin/../lib/gcc/arm-none-eabi/4.6.2/../../../../arm-none-eabi/lib/armv7-m\libc.a(lib_a-mprec.o)
                0x00008c9c                __pow5mult
 .text.__lshift
                0x00008d34       0xc0 c:/nxp/lpcxpresso_6.1.4_194/lpcxpresso/tools/bin/../lib/gcc/arm-none-eabi/4.6.2/../../../../arm-none-eabi/lib/armv7-m\libc.a(lib_a-mprec.o)
                0x00008d34                __lshift
 .text.__mcmp   0x00008df4       0x3c c:/nxp/lpcxpresso_6.1.4_194/lpcxpresso/tools/bin/../lib/gcc/arm-none-eabi/4.6.2/../../../../arm-none-eabi/lib/armv7-m\libc.a(lib_a-mprec.o)
                0x00008df4                __mcmp
 .text.__mdiff  0x00008e30       0xd8 c:/nxp/lpcxpresso_6.1.4_194/lpcxpresso/tools/bin/../lib/gcc/arm-none-eabi/4.6.2/../../../../arm-none-eabi/lib/armv7-m\libc.a(lib_a-mprec.o)
                0x00008e30                __mdiff
 .text.__d2b    0x00008f08       0xcc c:/nxp/lpcxpresso_6.1.4_194/lpcxpresso/tools/bin/../lib/gcc/arm-none-eabi/4.6.2/../../../../arm-none-eabi/lib/armv7-m\libc.a(lib_a-mprec.o)
                0x00008f08                __d2b
 .text.__fpclassifyd
                0x00008fd4       0x68 c:/nxp/lpcxpresso_6.1.4_194/lpcxpresso/tools/bin/../lib/gcc/arm-none-eabi/4.6.2/../../../../arm-none-eabi/lib/armv7-m\libc.a(lib_a-s_fpclassify.o)
                0x00008fd4                __fpclassifyd
 .text._sbrk_r  0x0000903c       0x24 c:/nxp/lpcxpresso_6.1.4_194/lpcxpresso/tools/bin/../lib/gcc/arm-none-eabi/4.6.2/../../../../arm-none-eabi/lib/armv7-m\libc.a(lib_a-sbrkr.o)
                0x0000903c                _sbrk_r
 .text.__ssprint_r
                0x00009060       0xf8 c:/nxp/lpcxpresso_6.1.4_194/lpcxpresso/tools/bin/../lib/gcc/arm-none-eabi/4.6.2/../../../../arm-none-eabi/lib/armv7-m\libc.a(lib_a-svfiprintf.o)
                0x00009060                __ssprint_r
 .text._calloc_r
                0x00009158       0x60 c:/nxp/lpcxpresso_6.1.4_194/lpcxpresso/tools/bin/../lib/gcc/arm-none-eabi/4.6.2/../../../../arm-none-eabi/lib/armv7-m\libc.a(lib_a-callocr.o)
                0x00009158                _calloc_r
 .text._malloc_trim_r
                0x000091b8       0xa0 c:/nxp/lpcxpresso_6.1.4_194/lpcxpresso/tools/bin/../lib/gcc/arm-none-eabi/4.6.2/../../../../arm-none-eabi/lib/armv7-m\libc.a(lib_a-freer.o)
                0x000091b8                _malloc_trim_r
 .text._free_r  0x00009258      0x190 c:/nxp/lpcxpresso_6.1.4_194/lpcxpresso/tools/bin/../lib/gcc/arm-none-eabi/4.6.2/../../../../arm-none-eabi/lib/armv7-m\libc.a(lib_a-freer.o)
                0x00009258                _free_r
 .text.memmove  0x000093e8       0xb0 c:/nxp/lpcxpresso_6.1.4_194/lpcxpresso/tools/bin/../lib/gcc/arm-none-eabi/4.6.2/../../../../arm-none-eabi/lib/armv7-m\libc.a(lib_a-memmove.o)
                0x000093e8                memmove
 .text._realloc_r
                0x00009498      0x3f4 c:/nxp/lpcxpresso_6.1.4_194/lpcxpresso/tools/bin/../lib/gcc/arm-none-eabi/4.6.2/../../../../arm-none-eabi/lib/armv7-m\libc.a(lib_a-reallocr.o)
                0x00009498                _realloc_r
 .text._sbrk    0x0000988c       0x3c c:/nxp/lpcxpresso_6.1.4_194/lpcxpresso/tools/bin/../lib/gcc/arm-none-eabi/4.6.2/../../../../arm-none-eabi/lib/armv7-m\libcr_newlib_semihost.a(_cr_sbrk.o)
                0x0000988c                _sbrk
 .text.__check_heap_overflow
                0x000098c8       0x2c c:/nxp/lpcxpresso_6.1.4_194/lpcxpresso/tools/bin/../lib/gcc/arm-none-eabi/4.6.2/../../../../arm-none-eabi/lib/armv7-m\libcr_newlib_semihost.a(_cr_check_heap.o)
                0x000098c8                __check_heap_overflow
 .text          0x000098f4       0x50 c:/nxp/lpcxpresso_6.1.4_194/lpcxpresso/tools/bin/../lib/gcc/arm-none-eabi/4.6.2/armv7-m\libgcc.a(_arm_fixdfsi.o)
                0x000098f4                __aeabi_d2iz
                0x000098f4                __fixdfsi
 .text.__errno  0x00009944        0xc c:/nxp/lpcxpresso_6.1.4_194/lpcxpresso/tools/bin/../lib/gcc/arm-none-eabi/4.6.2/../../../../arm-none-eabi/lib/armv7-m\libc.a(lib_a-errno.o)
                0x00009944                __errno
 *(.rodata .rodata.* .constdata .constdata.*)
 .rodata        0x00009950      0x160 ./src/main.o
 .rodata        0x00009ab0        0x8 C:\Users\Lenovo\Documents\LPCXpresso_6.1.4_194\workspace2\Lib_EaBaseBoard\Debug\libLib_EaBaseBoard.a(oled.o)
 .rodata        0x00009ab8      0x300 C:\Users\Lenovo\Documents\LPCXpresso_6.1.4_194\workspace2\Lib_EaBaseBoard\Debug\libLib_EaBaseBoard.a(font5x7.o)
                0x00009ab8                font5x7
 .rodata        0x00009db8       0x18 C:\Users\Lenovo\Documents\LPCXpresso_6.1.4_194\workspace2\Lib_MCU\Debug\libLib_MCU.a(lpc17xx_i2c.o)
 .rodata        0x00009dd0       0x18 C:\Users\Lenovo\Documents\LPCXpresso_6.1.4_194\workspace2\Lib_MCU\Debug\libLib_MCU.a(lpc17xx_ssp.o)
 .rodata        0x00009de8       0x18 C:\Users\Lenovo\Documents\LPCXpresso_6.1.4_194\workspace2\Lib_MCU\Debug\libLib_MCU.a(lpc17xx_uart.o)
 .rodata.zeroes.6590
                0x00009e00       0x10 c:/nxp/lpcxpresso_6.1.4_194/lpcxpresso/tools/bin/../lib/gcc/arm-none-eabi/4.6.2/../../../../arm-none-eabi/lib/armv7-m\libc.a(lib_a-svfprintf.o)
 .rodata.str1.4
                0x00009e10       0x42 c:/nxp/lpcxpresso_6.1.4_194/lpcxpresso/tools/bin/../lib/gcc/arm-none-eabi/4.6.2/../../../../arm-none-eabi/lib/armv7-m\libc.a(lib_a-svfprintf.o)
                                 0x44 (size before relaxing)
 *fill*         0x00009e52        0x2 00
 .rodata.blanks.6589
                0x00009e54       0x10 c:/nxp/lpcxpresso_6.1.4_194/lpcxpresso/tools/bin/../lib/gcc/arm-none-eabi/4.6.2/../../../../arm-none-eabi/lib/armv7-m\libc.a(lib_a-svfprintf.o)
 .rodata.str1.4
                0x00009e64       0x10 c:/nxp/lpcxpresso_6.1.4_194/lpcxpresso/tools/bin/../lib/gcc/arm-none-eabi/4.6.2/../../../../arm-none-eabi/lib/armv7-m\libc.a(lib_a-dtoa.o)
                                 0x14 (size before relaxing)
 .rodata.str1.4
                0x00009e74        0x2 c:/nxp/lpcxpresso_6.1.4_194/lpcxpresso/tools/bin/../lib/gcc/arm-none-eabi/4.6.2/../../../../arm-none-eabi/lib/armv7-m\libc.a(lib_a-impure.o)
                                  0x4 (size before relaxing)
 *fill*         0x00009e76        0x2 00
 .rodata.str1.4
                0x00009e78        0xc c:/nxp/lpcxpresso_6.1.4_194/lpcxpresso/tools/bin/../lib/gcc/arm-none-eabi/4.6.2/../../../../arm-none-eabi/lib/armv7-m\libc.a(lib_a-locale.o)
                                 0x14 (size before relaxing)
 *fill*         0x00009e84        0x4 00
 .rodata.__mprec_tens
                0x00009e88       0xc8 c:/nxp/lpcxpresso_6.1.4_194/lpcxpresso/tools/bin/../lib/gcc/arm-none-eabi/4.6.2/../../../../arm-none-eabi/lib/armv7-m\libc.a(lib_a-mprec.o)
                0x00009e88                __mprec_tens
 .rodata.__mprec_bigtens
                0x00009f50       0x28 c:/nxp/lpcxpresso_6.1.4_194/lpcxpresso/tools/bin/../lib/gcc/arm-none-eabi/4.6.2/../../../../arm-none-eabi/lib/armv7-m\libc.a(lib_a-mprec.o)
                0x00009f50                __mprec_bigtens
 .rodata.p05.5111
                0x00009f78        0xc c:/nxp/lpcxpresso_6.1.4_194/lpcxpresso/tools/bin/../lib/gcc/arm-none-eabi/4.6.2/../../../../arm-none-eabi/lib/armv7-m\libc.a(lib_a-mprec.o)
                0x00009f84                . = ALIGN (0x4)

.glue_7         0x00009f84        0x0
 .glue_7        0x00000000        0x0 linker stubs

.glue_7t        0x00009f84        0x0
 .glue_7t       0x00000000        0x0 linker stubs

.vfp11_veneer   0x00009f84        0x0
 .vfp11_veneer  0x00000000        0x0 linker stubs

.v4_bx          0x00009f84        0x0
 .v4_bx         0x00000000        0x0 linker stubs

.ARM.extab
 *(.ARM.extab* .gnu.linkonce.armextab.*)
                0x00009f84                __exidx_start = .

.ARM.exidx      0x00009f84        0x8
 *(.ARM.exidx* .gnu.linkonce.armexidx.*)
 .ARM.exidx     0x00009f84        0x8 c:/nxp/lpcxpresso_6.1.4_194/lpcxpresso/tools/bin/../lib/gcc/arm-none-eabi/4.6.2/armv7-m\libgcc.a(_divdi3.o)
 .ARM.exidx     0x00009f8c        0x0 c:/nxp/lpcxpresso_6.1.4_194/lpcxpresso/tools/bin/../lib/gcc/arm-none-eabi/4.6.2/armv7-m\libgcc.a(_udivdi3.o)
                                  0x8 (size before relaxing)
                0x00009f8c                __exidx_end = .
                0x00009f8c                _etext = .

.data_RAM2      0x2007c000        0x0 load address 0x00009f8c
 FILL mask 0xff
 *(.data.$RAM2*)
 *(.data.$RamAHB32*)
                0x2007c000                . = ALIGN (0x4)

.uninit_RESERVED
                0x10000000        0x0
 *(.bss.$RESERVED*)
                0x10000000                . = ALIGN (0x4)
                0x10000000                _end_uninit_RESERVED = .

.data           0x10000000      0x8ec load address 0x00009f8c
 FILL mask 0xff
                0x10000000                _data = .
 *(vtable)
 *(.data*)
 .data          0x10000000       0x1c ./src/main.o
                0x10000000                clear
                0x10000014                it
                0x10000018                click
 .data          0x1000001c        0x4 C:\Users\Lenovo\Documents\LPCXpresso_6.1.4_194\workspace2\Lib_CMSISv1p30_LPC17xx\Debug\libCMSISv1p30_LPC17xx.a(system_LPC17xx.o)
                0x1000001c                SystemCoreClock
 .data          0x10000020       0x50 C:\Users\Lenovo\Documents\LPCXpresso_6.1.4_194\workspace2\Lib_EaBaseBoard\Debug\libLib_EaBaseBoard.a(led7seg.o)
 .data          0x10000070        0x8 C:\Users\Lenovo\Documents\LPCXpresso_6.1.4_194\workspace2\Lib_EaBaseBoard\Debug\libLib_EaBaseBoard.a(light.o)
 .data.impure_data
                0x10000078      0x428 c:/nxp/lpcxpresso_6.1.4_194/lpcxpresso/tools/bin/../lib/gcc/arm-none-eabi/4.6.2/../../../../arm-none-eabi/lib/armv7-m\libc.a(lib_a-impure.o)
 .data._impure_ptr
                0x100004a0        0x4 c:/nxp/lpcxpresso_6.1.4_194/lpcxpresso/tools/bin/../lib/gcc/arm-none-eabi/4.6.2/../../../../arm-none-eabi/lib/armv7-m\libc.a(lib_a-impure.o)
                0x100004a0                _impure_ptr
 .data.lconv    0x100004a4       0x38 c:/nxp/lpcxpresso_6.1.4_194/lpcxpresso/tools/bin/../lib/gcc/arm-none-eabi/4.6.2/../../../../arm-none-eabi/lib/armv7-m\libc.a(lib_a-locale.o)
 .data.__malloc_av_
                0x100004dc      0x408 c:/nxp/lpcxpresso_6.1.4_194/lpcxpresso/tools/bin/../lib/gcc/arm-none-eabi/4.6.2/../../../../arm-none-eabi/lib/armv7-m\libc.a(lib_a-mallocr.o)
                0x100004dc                __malloc_av_
 .data.__malloc_trim_threshold
                0x100008e4        0x4 c:/nxp/lpcxpresso_6.1.4_194/lpcxpresso/tools/bin/../lib/gcc/arm-none-eabi/4.6.2/../../../../arm-none-eabi/lib/armv7-m\libc.a(lib_a-mallocr.o)
                0x100008e4                __malloc_trim_threshold
 .data.__malloc_sbrk_base
                0x100008e8        0x4 c:/nxp/lpcxpresso_6.1.4_194/lpcxpresso/tools/bin/../lib/gcc/arm-none-eabi/4.6.2/../../../../arm-none-eabi/lib/armv7-m\libc.a(lib_a-mallocr.o)
                0x100008e8                __malloc_sbrk_base
                0x100008ec                . = ALIGN (0x4)
                0x100008ec                _edata = .

.bss_RAM2       0x2007c000        0x0
 *(.bss.$RAM2*)
 *(.bss.$RamAHB32*)
                0x2007c000                . = ALIGN (0x4)

.bss            0x100008ec      0x45c
                0x100008ec                _bss = .
 *(.bss*)
 .bss           0x100008ec       0xc0 ./src/main.o
                0x100008ec                msTicks
                0x100008f0                lightTicks
                0x100008f4                LEDTicks
                0x100008f8                oled_disp
                0x1000095c                PressSW3
                0x10000960                INTcount
                0x10000964                ObsWarn
 .bss           0x100009ac      0x300 C:\Users\Lenovo\Documents\LPCXpresso_6.1.4_194\workspace2\Lib_EaBaseBoard\Debug\libLib_EaBaseBoard.a(oled.o)
 .bss           0x10000cac        0x6 C:\Users\Lenovo\Documents\LPCXpresso_6.1.4_194\workspace2\Lib_EaBaseBoard\Debug\libLib_EaBaseBoard.a(pca9532.o)
 *fill*         0x10000cb2        0x2 00
 .bss           0x10000cb4        0x4 C:\Users\Lenovo\Documents\LPCXpresso_6.1.4_194\workspace2\Lib_EaBaseBoard\Debug\libLib_EaBaseBoard.a(temp.o)
 .bss           0x10000cb8       0x24 C:\Users\Lenovo\Documents\LPCXpresso_6.1.4_194\workspace2\Lib_MCU\Debug\libLib_MCU.a(lpc17xx_i2c.o)
 .bss           0x10000cdc       0x18 C:\Users\Lenovo\Documents\LPCXpresso_6.1.4_194\workspace2\Lib_MCU\Debug\libLib_MCU.a(lpc17xx_ssp.o)
 .bss.__malloc_max_total_mem
                0x10000cf4        0x4 c:/nxp/lpcxpresso_6.1.4_194/lpcxpresso/tools/bin/../lib/gcc/arm-none-eabi/4.6.2/../../../../arm-none-eabi/lib/armv7-m\libc.a(lib_a-mallocr.o)
                0x10000cf4                __malloc_max_total_mem
 .bss.__malloc_max_sbrked_mem
                0x10000cf8        0x4 c:/nxp/lpcxpresso_6.1.4_194/lpcxpresso/tools/bin/../lib/gcc/arm-none-eabi/4.6.2/../../../../arm-none-eabi/lib/armv7-m\libc.a(lib_a-mallocr.o)
                0x10000cf8                __malloc_max_sbrked_mem
 .bss.__malloc_top_pad
                0x10000cfc        0x4 c:/nxp/lpcxpresso_6.1.4_194/lpcxpresso/tools/bin/../lib/gcc/arm-none-eabi/4.6.2/../../../../arm-none-eabi/lib/armv7-m\libc.a(lib_a-mallocr.o)
                0x10000cfc                __malloc_top_pad
 .bss.__malloc_current_mallinfo
                0x10000d00       0x28 c:/nxp/lpcxpresso_6.1.4_194/lpcxpresso/tools/bin/../lib/gcc/arm-none-eabi/4.6.2/../../../../arm-none-eabi/lib/armv7-m\libc.a(lib_a-mallocr.o)
                0x10000d00                __malloc_current_mallinfo
 *(COMMON)
 COMMON         0x10000d28       0x18 ./src/main.o
                0x10000d28                ModeChangeTicks
                0x10000d2c                temp_value
                0x10000d30                mode
                0x10000d34                light_value
                0x10000d38                initTicks
                0x10000d3c                oneSecondTicks
 COMMON         0x10000d40        0x4 c:/nxp/lpcxpresso_6.1.4_194/lpcxpresso/tools/bin/../lib/gcc/arm-none-eabi/4.6.2/../../../../arm-none-eabi/lib/armv7-m\libc.a(lib_a-reent.o)
                0x10000d40                errno
 COMMON         0x10000d44        0x4 c:/nxp/lpcxpresso_6.1.4_194/lpcxpresso/tools/bin/../lib/gcc/arm-none-eabi/4.6.2/../../../../arm-none-eabi/lib/armv7-m\libcr_newlib_semihost.a(_cr_sbrk.o)
                0x10000d44                __end_of_heap
                0x10000d48                . = ALIGN (0x4)
                0x10000d48                _ebss = .
                0x10000d48                PROVIDE (end, .)

.noinit_RAM2    0x2007c000        0x0
 *(.noinit.$RAM2*)
 *(.noinit.$RamAHB32*)
                0x2007c000                . = ALIGN (0x4)

.noinit         0x10000d48        0x0
                0x10000d48                _noinit = .
 *(.noinit*)
                0x10000d48                . = ALIGN (0x4)
                0x10000d48                _end_noinit = .
                0x10000d48                PROVIDE (_pvHeapStart, .)
                0x10008000                PROVIDE (_vStackTop, (__top_RamLoc32 - 0x0))
OUTPUT(demo.axf elf32-littlearm)

.debug_info     0x00000000     0x7d7b
 .debug_info    0x00000000      0x209 ./src/cr_startup_lpc17.o
 .debug_info    0x00000209     0x1343 ./src/main.o
 .debug_info    0x0000154c      0x357 C:\Users\Lenovo\Documents\LPCXpresso_6.1.4_194\workspace2\Lib_CMSISv1p30_LPC17xx\Debug\libCMSISv1p30_LPC17xx.a(system_LPC17xx.o)
 .debug_info    0x000018a3      0x53d C:\Users\Lenovo\Documents\LPCXpresso_6.1.4_194\workspace2\Lib_EaBaseBoard\Debug\libLib_EaBaseBoard.a(acc.o)
 .debug_info    0x00001de0      0x10f C:\Users\Lenovo\Documents\LPCXpresso_6.1.4_194\workspace2\Lib_EaBaseBoard\Debug\libLib_EaBaseBoard.a(joystick.o)
 .debug_info    0x00001eef      0x282 C:\Users\Lenovo\Documents\LPCXpresso_6.1.4_194\workspace2\Lib_EaBaseBoard\Debug\libLib_EaBaseBoard.a(led7seg.o)
 .debug_info    0x00002171      0x763 C:\Users\Lenovo\Documents\LPCXpresso_6.1.4_194\workspace2\Lib_EaBaseBoard\Debug\libLib_EaBaseBoard.a(light.o)
 .debug_info    0x000028d4      0x97d C:\Users\Lenovo\Documents\LPCXpresso_6.1.4_194\workspace2\Lib_EaBaseBoard\Debug\libLib_EaBaseBoard.a(oled.o)
 .debug_info    0x00003251      0x642 C:\Users\Lenovo\Documents\LPCXpresso_6.1.4_194\workspace2\Lib_EaBaseBoard\Debug\libLib_EaBaseBoard.a(pca9532.o)
 .debug_info    0x00003893       0xe4 C:\Users\Lenovo\Documents\LPCXpresso_6.1.4_194\workspace2\Lib_EaBaseBoard\Debug\libLib_EaBaseBoard.a(rgb.o)
 .debug_info    0x00003977      0x154 C:\Users\Lenovo\Documents\LPCXpresso_6.1.4_194\workspace2\Lib_EaBaseBoard\Debug\libLib_EaBaseBoard.a(temp.o)
 .debug_info    0x00003acb       0x65 C:\Users\Lenovo\Documents\LPCXpresso_6.1.4_194\workspace2\Lib_EaBaseBoard\Debug\libLib_EaBaseBoard.a(font5x7.o)
 .debug_info    0x00003b30      0xb95 C:\Users\Lenovo\Documents\LPCXpresso_6.1.4_194\workspace2\Lib_MCU\Debug\libLib_MCU.a(lpc17xx_gpio.o)
 .debug_info    0x000046c5      0xcc3 C:\Users\Lenovo\Documents\LPCXpresso_6.1.4_194\workspace2\Lib_MCU\Debug\libLib_MCU.a(lpc17xx_i2c.o)
 .debug_info    0x00005388      0x4b1 C:\Users\Lenovo\Documents\LPCXpresso_6.1.4_194\workspace2\Lib_MCU\Debug\libLib_MCU.a(lpc17xx_pinsel.o)
 .debug_info    0x00005839      0x867 C:\Users\Lenovo\Documents\LPCXpresso_6.1.4_194\workspace2\Lib_MCU\Debug\libLib_MCU.a(lpc17xx_ssp.o)
 .debug_info    0x000060a0     0x14df C:\Users\Lenovo\Documents\LPCXpresso_6.1.4_194\workspace2\Lib_MCU\Debug\libLib_MCU.a(lpc17xx_uart.o)
 .debug_info    0x0000757f      0x641 C:\Users\Lenovo\Documents\LPCXpresso_6.1.4_194\workspace2\Lib_MCU\Debug\libLib_MCU.a(lpc17xx_clkpwr.o)
 .debug_info    0x00007bc0      0x106 c:/nxp/lpcxpresso_6.1.4_194/lpcxpresso/tools/bin/../lib/gcc/arm-none-eabi/4.6.2/../../../../arm-none-eabi/lib/armv7-m\libcr_newlib_semihost.a(_cr_sbrk.o)
 .debug_info    0x00007cc6       0xb5 c:/nxp/lpcxpresso_6.1.4_194/lpcxpresso/tools/bin/../lib/gcc/arm-none-eabi/4.6.2/../../../../arm-none-eabi/lib/armv7-m\libcr_newlib_semihost.a(_cr_check_heap.o)

.debug_abbrev   0x00000000     0x19eb
 .debug_abbrev  0x00000000       0xb4 ./src/cr_startup_lpc17.o
 .debug_abbrev  0x000000b4      0x2a2 ./src/main.o
 .debug_abbrev  0x00000356       0xce C:\Users\Lenovo\Documents\LPCXpresso_6.1.4_194\workspace2\Lib_CMSISv1p30_LPC17xx\Debug\libCMSISv1p30_LPC17xx.a(system_LPC17xx.o)
 .debug_abbrev  0x00000424      0x15c C:\Users\Lenovo\Documents\LPCXpresso_6.1.4_194\workspace2\Lib_EaBaseBoard\Debug\libLib_EaBaseBoard.a(acc.o)
 .debug_abbrev  0x00000580       0x90 C:\Users\Lenovo\Documents\LPCXpresso_6.1.4_194\workspace2\Lib_EaBaseBoard\Debug\libLib_EaBaseBoard.a(joystick.o)
 .debug_abbrev  0x00000610      0x155 C:\Users\Lenovo\Documents\LPCXpresso_6.1.4_194\workspace2\Lib_EaBaseBoard\Debug\libLib_EaBaseBoard.a(led7seg.o)
 .debug_abbrev  0x00000765      0x1bd C:\Users\Lenovo\Documents\LPCXpresso_6.1.4_194\workspace2\Lib_EaBaseBoard\Debug\libLib_EaBaseBoard.a(light.o)
 .debug_abbrev  0x00000922      0x1f1 C:\Users\Lenovo\Documents\LPCXpresso_6.1.4_194\workspace2\Lib_EaBaseBoard\Debug\libLib_EaBaseBoard.a(oled.o)
 .debug_abbrev  0x00000b13      0x1aa C:\Users\Lenovo\Documents\LPCXpresso_6.1.4_194\workspace2\Lib_EaBaseBoard\Debug\libLib_EaBaseBoard.a(pca9532.o)
 .debug_abbrev  0x00000cbd       0x8e C:\Users\Lenovo\Documents\LPCXpresso_6.1.4_194\workspace2\Lib_EaBaseBoard\Debug\libLib_EaBaseBoard.a(rgb.o)
 .debug_abbrev  0x00000d4b       0xc2 C:\Users\Lenovo\Documents\LPCXpresso_6.1.4_194\workspace2\Lib_EaBaseBoard\Debug\libLib_EaBaseBoard.a(temp.o)
 .debug_abbrev  0x00000e0d       0x4b C:\Users\Lenovo\Documents\LPCXpresso_6.1.4_194\workspace2\Lib_EaBaseBoard\Debug\libLib_EaBaseBoard.a(font5x7.o)
 .debug_abbrev  0x00000e58      0x185 C:\Users\Lenovo\Documents\LPCXpresso_6.1.4_194\workspace2\Lib_MCU\Debug\libLib_MCU.a(lpc17xx_gpio.o)
 .debug_abbrev  0x00000fdd      0x24a C:\Users\Lenovo\Documents\LPCXpresso_6.1.4_194\workspace2\Lib_MCU\Debug\libLib_MCU.a(lpc17xx_i2c.o)
 .debug_abbrev  0x00001227      0x10a C:\Users\Lenovo\Documents\LPCXpresso_6.1.4_194\workspace2\Lib_MCU\Debug\libLib_MCU.a(lpc17xx_pinsel.o)
 .debug_abbrev  0x00001331      0x1d3 C:\Users\Lenovo\Documents\LPCXpresso_6.1.4_194\workspace2\Lib_MCU\Debug\libLib_MCU.a(lpc17xx_ssp.o)
 .debug_abbrev  0x00001504      0x259 C:\Users\Lenovo\Documents\LPCXpresso_6.1.4_194\workspace2\Lib_MCU\Debug\libLib_MCU.a(lpc17xx_uart.o)
 .debug_abbrev  0x0000175d      0x174 C:\Users\Lenovo\Documents\LPCXpresso_6.1.4_194\workspace2\Lib_MCU\Debug\libLib_MCU.a(lpc17xx_clkpwr.o)
 .debug_abbrev  0x000018d1       0xa8 c:/nxp/lpcxpresso_6.1.4_194/lpcxpresso/tools/bin/../lib/gcc/arm-none-eabi/4.6.2/../../../../arm-none-eabi/lib/armv7-m\libcr_newlib_semihost.a(_cr_sbrk.o)
 .debug_abbrev  0x00001979       0x72 c:/nxp/lpcxpresso_6.1.4_194/lpcxpresso/tools/bin/../lib/gcc/arm-none-eabi/4.6.2/../../../../arm-none-eabi/lib/armv7-m\libcr_newlib_semihost.a(_cr_check_heap.o)

.debug_loc      0x00000000     0x2c60
 .debug_loc     0x00000000      0x1f0 ./src/cr_startup_lpc17.o
 .debug_loc     0x000001f0      0x406 ./src/main.o
 .debug_loc     0x000005f6       0x58 C:\Users\Lenovo\Documents\LPCXpresso_6.1.4_194\workspace2\Lib_CMSISv1p30_LPC17xx\Debug\libCMSISv1p30_LPC17xx.a(system_LPC17xx.o)
 .debug_loc     0x0000064e      0x1f0 C:\Users\Lenovo\Documents\LPCXpresso_6.1.4_194\workspace2\Lib_EaBaseBoard\Debug\libLib_EaBaseBoard.a(acc.o)
 .debug_loc     0x0000083e       0x64 C:\Users\Lenovo\Documents\LPCXpresso_6.1.4_194\workspace2\Lib_EaBaseBoard\Debug\libLib_EaBaseBoard.a(joystick.o)
 .debug_loc     0x000008a2       0x64 C:\Users\Lenovo\Documents\LPCXpresso_6.1.4_194\workspace2\Lib_EaBaseBoard\Debug\libLib_EaBaseBoard.a(led7seg.o)
 .debug_loc     0x00000906      0x378 C:\Users\Lenovo\Documents\LPCXpresso_6.1.4_194\workspace2\Lib_EaBaseBoard\Debug\libLib_EaBaseBoard.a(light.o)
 .debug_loc     0x00000c7e      0x33e C:\Users\Lenovo\Documents\LPCXpresso_6.1.4_194\workspace2\Lib_EaBaseBoard\Debug\libLib_EaBaseBoard.a(oled.o)
 .debug_loc     0x00000fbc      0x2d0 C:\Users\Lenovo\Documents\LPCXpresso_6.1.4_194\workspace2\Lib_EaBaseBoard\Debug\libLib_EaBaseBoard.a(pca9532.o)
 .debug_loc     0x0000128c       0x64 C:\Users\Lenovo\Documents\LPCXpresso_6.1.4_194\workspace2\Lib_EaBaseBoard\Debug\libLib_EaBaseBoard.a(rgb.o)
 .debug_loc     0x000012f0       0x70 C:\Users\Lenovo\Documents\LPCXpresso_6.1.4_194\workspace2\Lib_EaBaseBoard\Debug\libLib_EaBaseBoard.a(temp.o)
 .debug_loc     0x00001360      0x4d0 C:\Users\Lenovo\Documents\LPCXpresso_6.1.4_194\workspace2\Lib_MCU\Debug\libLib_MCU.a(lpc17xx_gpio.o)
 .debug_loc     0x00001830      0x4e4 C:\Users\Lenovo\Documents\LPCXpresso_6.1.4_194\workspace2\Lib_MCU\Debug\libLib_MCU.a(lpc17xx_i2c.o)
 .debug_loc     0x00001d14      0x150 C:\Users\Lenovo\Documents\LPCXpresso_6.1.4_194\workspace2\Lib_MCU\Debug\libLib_MCU.a(lpc17xx_pinsel.o)
 .debug_loc     0x00001e64      0x448 C:\Users\Lenovo\Documents\LPCXpresso_6.1.4_194\workspace2\Lib_MCU\Debug\libLib_MCU.a(lpc17xx_ssp.o)
 .debug_loc     0x000022ac      0x77a C:\Users\Lenovo\Documents\LPCXpresso_6.1.4_194\workspace2\Lib_MCU\Debug\libLib_MCU.a(lpc17xx_uart.o)
 .debug_loc     0x00002a26      0x1bc C:\Users\Lenovo\Documents\LPCXpresso_6.1.4_194\workspace2\Lib_MCU\Debug\libLib_MCU.a(lpc17xx_clkpwr.o)
 .debug_loc     0x00002be2       0x55 c:/nxp/lpcxpresso_6.1.4_194/lpcxpresso/tools/bin/../lib/gcc/arm-none-eabi/4.6.2/../../../../arm-none-eabi/lib/armv7-m\libcr_newlib_semihost.a(_cr_sbrk.o)
 .debug_loc     0x00002c37       0x29 c:/nxp/lpcxpresso_6.1.4_194/lpcxpresso/tools/bin/../lib/gcc/arm-none-eabi/4.6.2/../../../../arm-none-eabi/lib/armv7-m\libcr_newlib_semihost.a(_cr_check_heap.o)

.debug_aranges  0x00000000      0x858
 .debug_aranges
                0x00000000       0x70 ./src/cr_startup_lpc17.o
 .debug_aranges
                0x00000070       0xb0 ./src/main.o
 .debug_aranges
                0x00000120       0x28 C:\Users\Lenovo\Documents\LPCXpresso_6.1.4_194\workspace2\Lib_CMSISv1p30_LPC17xx\Debug\libCMSISv1p30_LPC17xx.a(system_LPC17xx.o)
 .debug_aranges
                0x00000148       0x60 C:\Users\Lenovo\Documents\LPCXpresso_6.1.4_194\workspace2\Lib_EaBaseBoard\Debug\libLib_EaBaseBoard.a(acc.o)
 .debug_aranges
                0x000001a8       0x28 C:\Users\Lenovo\Documents\LPCXpresso_6.1.4_194\workspace2\Lib_EaBaseBoard\Debug\libLib_EaBaseBoard.a(joystick.o)
 .debug_aranges
                0x000001d0       0x28 C:\Users\Lenovo\Documents\LPCXpresso_6.1.4_194\workspace2\Lib_EaBaseBoard\Debug\libLib_EaBaseBoard.a(led7seg.o)
 .debug_aranges
                0x000001f8       0x98 C:\Users\Lenovo\Documents\LPCXpresso_6.1.4_194\workspace2\Lib_EaBaseBoard\Debug\libLib_EaBaseBoard.a(light.o)
 .debug_aranges
                0x00000290       0x90 C:\Users\Lenovo\Documents\LPCXpresso_6.1.4_194\workspace2\Lib_EaBaseBoard\Debug\libLib_EaBaseBoard.a(oled.o)
 .debug_aranges
                0x00000320       0x80 C:\Users\Lenovo\Documents\LPCXpresso_6.1.4_194\workspace2\Lib_EaBaseBoard\Debug\libLib_EaBaseBoard.a(pca9532.o)
 .debug_aranges
                0x000003a0       0x28 C:\Users\Lenovo\Documents\LPCXpresso_6.1.4_194\workspace2\Lib_EaBaseBoard\Debug\libLib_EaBaseBoard.a(rgb.o)
 .debug_aranges
                0x000003c8       0x28 C:\Users\Lenovo\Documents\LPCXpresso_6.1.4_194\workspace2\Lib_EaBaseBoard\Debug\libLib_EaBaseBoard.a(temp.o)
 .debug_aranges
                0x000003f0       0xc8 C:\Users\Lenovo\Documents\LPCXpresso_6.1.4_194\workspace2\Lib_MCU\Debug\libLib_MCU.a(lpc17xx_gpio.o)
 .debug_aranges
                0x000004b8       0xd0 C:\Users\Lenovo\Documents\LPCXpresso_6.1.4_194\workspace2\Lib_MCU\Debug\libLib_MCU.a(lpc17xx_i2c.o)
 .debug_aranges
                0x00000588       0x48 C:\Users\Lenovo\Documents\LPCXpresso_6.1.4_194\workspace2\Lib_MCU\Debug\libLib_MCU.a(lpc17xx_pinsel.o)
 .debug_aranges
                0x000005d0       0xb8 C:\Users\Lenovo\Documents\LPCXpresso_6.1.4_194\workspace2\Lib_MCU\Debug\libLib_MCU.a(lpc17xx_ssp.o)
 .debug_aranges
                0x00000688      0x130 C:\Users\Lenovo\Documents\LPCXpresso_6.1.4_194\workspace2\Lib_MCU\Debug\libLib_MCU.a(lpc17xx_uart.o)
 .debug_aranges
                0x000007b8       0x60 C:\Users\Lenovo\Documents\LPCXpresso_6.1.4_194\workspace2\Lib_MCU\Debug\libLib_MCU.a(lpc17xx_clkpwr.o)
 .debug_aranges
                0x00000818       0x20 c:/nxp/lpcxpresso_6.1.4_194/lpcxpresso/tools/bin/../lib/gcc/arm-none-eabi/4.6.2/../../../../arm-none-eabi/lib/armv7-m\libcr_newlib_semihost.a(_cr_sbrk.o)
 .debug_aranges
                0x00000838       0x20 c:/nxp/lpcxpresso_6.1.4_194/lpcxpresso/tools/bin/../lib/gcc/arm-none-eabi/4.6.2/../../../../arm-none-eabi/lib/armv7-m\libcr_newlib_semihost.a(_cr_check_heap.o)

.debug_ranges   0x00000000      0x728
 .debug_ranges  0x00000000       0x60 ./src/cr_startup_lpc17.o
 .debug_ranges  0x00000060       0xa0 ./src/main.o
 .debug_ranges  0x00000100       0x18 C:\Users\Lenovo\Documents\LPCXpresso_6.1.4_194\workspace2\Lib_CMSISv1p30_LPC17xx\Debug\libCMSISv1p30_LPC17xx.a(system_LPC17xx.o)
 .debug_ranges  0x00000118       0x50 C:\Users\Lenovo\Documents\LPCXpresso_6.1.4_194\workspace2\Lib_EaBaseBoard\Debug\libLib_EaBaseBoard.a(acc.o)
 .debug_ranges  0x00000168       0x18 C:\Users\Lenovo\Documents\LPCXpresso_6.1.4_194\workspace2\Lib_EaBaseBoard\Debug\libLib_EaBaseBoard.a(joystick.o)
 .debug_ranges  0x00000180       0x18 C:\Users\Lenovo\Documents\LPCXpresso_6.1.4_194\workspace2\Lib_EaBaseBoard\Debug\libLib_EaBaseBoard.a(led7seg.o)
 .debug_ranges  0x00000198       0x88 C:\Users\Lenovo\Documents\LPCXpresso_6.1.4_194\workspace2\Lib_EaBaseBoard\Debug\libLib_EaBaseBoard.a(light.o)
 .debug_ranges  0x00000220       0x80 C:\Users\Lenovo\Documents\LPCXpresso_6.1.4_194\workspace2\Lib_EaBaseBoard\Debug\libLib_EaBaseBoard.a(oled.o)
 .debug_ranges  0x000002a0       0x70 C:\Users\Lenovo\Documents\LPCXpresso_6.1.4_194\workspace2\Lib_EaBaseBoard\Debug\libLib_EaBaseBoard.a(pca9532.o)
 .debug_ranges  0x00000310       0x18 C:\Users\Lenovo\Documents\LPCXpresso_6.1.4_194\workspace2\Lib_EaBaseBoard\Debug\libLib_EaBaseBoard.a(rgb.o)
 .debug_ranges  0x00000328       0x18 C:\Users\Lenovo\Documents\LPCXpresso_6.1.4_194\workspace2\Lib_EaBaseBoard\Debug\libLib_EaBaseBoard.a(temp.o)
 .debug_ranges  0x00000340       0xb8 C:\Users\Lenovo\Documents\LPCXpresso_6.1.4_194\workspace2\Lib_MCU\Debug\libLib_MCU.a(lpc17xx_gpio.o)
 .debug_ranges  0x000003f8       0xc0 C:\Users\Lenovo\Documents\LPCXpresso_6.1.4_194\workspace2\Lib_MCU\Debug\libLib_MCU.a(lpc17xx_i2c.o)
 .debug_ranges  0x000004b8       0x38 C:\Users\Lenovo\Documents\LPCXpresso_6.1.4_194\workspace2\Lib_MCU\Debug\libLib_MCU.a(lpc17xx_pinsel.o)
 .debug_ranges  0x000004f0       0xa8 C:\Users\Lenovo\Documents\LPCXpresso_6.1.4_194\workspace2\Lib_MCU\Debug\libLib_MCU.a(lpc17xx_ssp.o)
 .debug_ranges  0x00000598      0x120 C:\Users\Lenovo\Documents\LPCXpresso_6.1.4_194\workspace2\Lib_MCU\Debug\libLib_MCU.a(lpc17xx_uart.o)
 .debug_ranges  0x000006b8       0x50 C:\Users\Lenovo\Documents\LPCXpresso_6.1.4_194\workspace2\Lib_MCU\Debug\libLib_MCU.a(lpc17xx_clkpwr.o)
 .debug_ranges  0x00000708       0x10 c:/nxp/lpcxpresso_6.1.4_194/lpcxpresso/tools/bin/../lib/gcc/arm-none-eabi/4.6.2/../../../../arm-none-eabi/lib/armv7-m\libcr_newlib_semihost.a(_cr_sbrk.o)
 .debug_ranges  0x00000718       0x10 c:/nxp/lpcxpresso_6.1.4_194/lpcxpresso/tools/bin/../lib/gcc/arm-none-eabi/4.6.2/../../../../arm-none-eabi/lib/armv7-m\libcr_newlib_semihost.a(_cr_check_heap.o)

.debug_line     0x00000000     0x6a7c
 .debug_line    0x00000000      0x375 ./src/cr_startup_lpc17.o
 .debug_line    0x00000375      0xb57 ./src/main.o
 .debug_line    0x00000ecc      0x414 C:\Users\Lenovo\Documents\LPCXpresso_6.1.4_194\workspace2\Lib_CMSISv1p30_LPC17xx\Debug\libCMSISv1p30_LPC17xx.a(system_LPC17xx.o)
 .debug_line    0x000012e0      0x509 C:\Users\Lenovo\Documents\LPCXpresso_6.1.4_194\workspace2\Lib_EaBaseBoard\Debug\libLib_EaBaseBoard.a(acc.o)
 .debug_line    0x000017e9      0x474 C:\Users\Lenovo\Documents\LPCXpresso_6.1.4_194\workspace2\Lib_EaBaseBoard\Debug\libLib_EaBaseBoard.a(joystick.o)
 .debug_line    0x00001c5d      0x484 C:\Users\Lenovo\Documents\LPCXpresso_6.1.4_194\workspace2\Lib_EaBaseBoard\Debug\libLib_EaBaseBoard.a(led7seg.o)
 .debug_line    0x000020e1      0x5b5 C:\Users\Lenovo\Documents\LPCXpresso_6.1.4_194\workspace2\Lib_EaBaseBoard\Debug\libLib_EaBaseBoard.a(light.o)
 .debug_line    0x00002696      0x78e C:\Users\Lenovo\Documents\LPCXpresso_6.1.4_194\workspace2\Lib_EaBaseBoard\Debug\libLib_EaBaseBoard.a(oled.o)
 .debug_line    0x00002e24      0x5a0 C:\Users\Lenovo\Documents\LPCXpresso_6.1.4_194\workspace2\Lib_EaBaseBoard\Debug\libLib_EaBaseBoard.a(pca9532.o)
 .debug_line    0x000033c4      0x461 C:\Users\Lenovo\Documents\LPCXpresso_6.1.4_194\workspace2\Lib_EaBaseBoard\Debug\libLib_EaBaseBoard.a(rgb.o)
 .debug_line    0x00003825      0x482 C:\Users\Lenovo\Documents\LPCXpresso_6.1.4_194\workspace2\Lib_EaBaseBoard\Debug\libLib_EaBaseBoard.a(temp.o)
 .debug_line    0x00003ca7       0x8f C:\Users\Lenovo\Documents\LPCXpresso_6.1.4_194\workspace2\Lib_EaBaseBoard\Debug\libLib_EaBaseBoard.a(font5x7.o)
 .debug_line    0x00003d36      0x5f8 C:\Users\Lenovo\Documents\LPCXpresso_6.1.4_194\workspace2\Lib_MCU\Debug\libLib_MCU.a(lpc17xx_gpio.o)
 .debug_line    0x0000432e      0x913 C:\Users\Lenovo\Documents\LPCXpresso_6.1.4_194\workspace2\Lib_MCU\Debug\libLib_MCU.a(lpc17xx_i2c.o)
 .debug_line    0x00004c41      0x477 C:\Users\Lenovo\Documents\LPCXpresso_6.1.4_194\workspace2\Lib_MCU\Debug\libLib_MCU.a(lpc17xx_pinsel.o)
 .debug_line    0x000050b8      0x846 C:\Users\Lenovo\Documents\LPCXpresso_6.1.4_194\workspace2\Lib_MCU\Debug\libLib_MCU.a(lpc17xx_ssp.o)
 .debug_line    0x000058fe      0xb92 C:\Users\Lenovo\Documents\LPCXpresso_6.1.4_194\workspace2\Lib_MCU\Debug\libLib_MCU.a(lpc17xx_uart.o)
 .debug_line    0x00006490      0x4d8 C:\Users\Lenovo\Documents\LPCXpresso_6.1.4_194\workspace2\Lib_MCU\Debug\libLib_MCU.a(lpc17xx_clkpwr.o)
 .debug_line    0x00006968       0xc0 c:/nxp/lpcxpresso_6.1.4_194/lpcxpresso/tools/bin/../lib/gcc/arm-none-eabi/4.6.2/../../../../arm-none-eabi/lib/armv7-m\libcr_newlib_semihost.a(_cr_sbrk.o)
 .debug_line    0x00006a28       0x54 c:/nxp/lpcxpresso_6.1.4_194/lpcxpresso/tools/bin/../lib/gcc/arm-none-eabi/4.6.2/../../../../arm-none-eabi/lib/armv7-m\libcr_newlib_semihost.a(_cr_check_heap.o)

.debug_macinfo  0x00000000    0x9dfac
 .debug_macinfo
                0x00000000     0x2c15 ./src/cr_startup_lpc17.o
 .debug_macinfo
                0x00002c15     0xe4b9 ./src/main.o
 .debug_macinfo
                0x000110ce     0x83f8 C:\Users\Lenovo\Documents\LPCXpresso_6.1.4_194\workspace2\Lib_CMSISv1p30_LPC17xx\Debug\libCMSISv1p30_LPC17xx.a(system_LPC17xx.o)
 .debug_macinfo
                0x000194c6     0x8f1b C:\Users\Lenovo\Documents\LPCXpresso_6.1.4_194\workspace2\Lib_EaBaseBoard\Debug\libLib_EaBaseBoard.a(acc.o)
 .debug_macinfo
                0x000223e1     0x858b C:\Users\Lenovo\Documents\LPCXpresso_6.1.4_194\workspace2\Lib_EaBaseBoard\Debug\libLib_EaBaseBoard.a(joystick.o)
 .debug_macinfo
                0x0002a96c     0x96a3 C:\Users\Lenovo\Documents\LPCXpresso_6.1.4_194\workspace2\Lib_EaBaseBoard\Debug\libLib_EaBaseBoard.a(led7seg.o)
 .debug_macinfo
                0x0003400f     0x8e3a C:\Users\Lenovo\Documents\LPCXpresso_6.1.4_194\workspace2\Lib_EaBaseBoard\Debug\libLib_EaBaseBoard.a(light.o)
 .debug_macinfo
                0x0003ce49     0xa143 C:\Users\Lenovo\Documents\LPCXpresso_6.1.4_194\workspace2\Lib_EaBaseBoard\Debug\libLib_EaBaseBoard.a(oled.o)
 .debug_macinfo
                0x00046f8c     0x8e59 C:\Users\Lenovo\Documents\LPCXpresso_6.1.4_194\workspace2\Lib_EaBaseBoard\Debug\libLib_EaBaseBoard.a(pca9532.o)
 .debug_macinfo
                0x0004fde5     0x854c C:\Users\Lenovo\Documents\LPCXpresso_6.1.4_194\workspace2\Lib_EaBaseBoard\Debug\libLib_EaBaseBoard.a(rgb.o)
 .debug_macinfo
                0x00058331     0x85e6 C:\Users\Lenovo\Documents\LPCXpresso_6.1.4_194\workspace2\Lib_EaBaseBoard\Debug\libLib_EaBaseBoard.a(temp.o)
 .debug_macinfo
                0x00060917     0x332a C:\Users\Lenovo\Documents\LPCXpresso_6.1.4_194\workspace2\Lib_EaBaseBoard\Debug\libLib_EaBaseBoard.a(font5x7.o)
 .debug_macinfo
                0x00063c41     0x86b8 C:\Users\Lenovo\Documents\LPCXpresso_6.1.4_194\workspace2\Lib_MCU\Debug\libLib_MCU.a(lpc17xx_gpio.o)
 .debug_macinfo
                0x0006c2f9     0xa5d8 C:\Users\Lenovo\Documents\LPCXpresso_6.1.4_194\workspace2\Lib_MCU\Debug\libLib_MCU.a(lpc17xx_i2c.o)
 .debug_macinfo
                0x000768d1     0x87d3 C:\Users\Lenovo\Documents\LPCXpresso_6.1.4_194\workspace2\Lib_MCU\Debug\libLib_MCU.a(lpc17xx_pinsel.o)
 .debug_macinfo
                0x0007f0a4     0xa8d0 C:\Users\Lenovo\Documents\LPCXpresso_6.1.4_194\workspace2\Lib_MCU\Debug\libLib_MCU.a(lpc17xx_ssp.o)
 .debug_macinfo
                0x00089974     0xb03f C:\Users\Lenovo\Documents\LPCXpresso_6.1.4_194\workspace2\Lib_MCU\Debug\libLib_MCU.a(lpc17xx_uart.o)
 .debug_macinfo
                0x000949b3     0x95f9 C:\Users\Lenovo\Documents\LPCXpresso_6.1.4_194\workspace2\Lib_MCU\Debug\libLib_MCU.a(lpc17xx_clkpwr.o)

.debug_str      0x00000000     0x2a9b
 .debug_str     0x00000000      0x1d0 ./src/cr_startup_lpc17.o
                                0x20a (size before relaxing)
 .debug_str     0x000001d0      0x99c ./src/main.o
                                0xafe (size before relaxing)
 .debug_str     0x00000b6c      0x182 C:\Users\Lenovo\Documents\LPCXpresso_6.1.4_194\workspace2\Lib_CMSISv1p30_LPC17xx\Debug\libCMSISv1p30_LPC17xx.a(system_LPC17xx.o)
                                0x2a9 (size before relaxing)
 .debug_str     0x00000cee      0x226 C:\Users\Lenovo\Documents\LPCXpresso_6.1.4_194\workspace2\Lib_EaBaseBoard\Debug\libLib_EaBaseBoard.a(acc.o)
                                0x3a5 (size before relaxing)
 .debug_str     0x00000f14       0x3a C:\Users\Lenovo\Documents\LPCXpresso_6.1.4_194\workspace2\Lib_EaBaseBoard\Debug\libLib_EaBaseBoard.a(joystick.o)
                                0x176 (size before relaxing)
 .debug_str     0x00000f4e       0x95 C:\Users\Lenovo\Documents\LPCXpresso_6.1.4_194\workspace2\Lib_EaBaseBoard\Debug\libLib_EaBaseBoard.a(led7seg.o)
                                0x211 (size before relaxing)
 .debug_str     0x00000fe3      0x1cb C:\Users\Lenovo\Documents\LPCXpresso_6.1.4_194\workspace2\Lib_EaBaseBoard\Debug\libLib_EaBaseBoard.a(light.o)
                                0x50a (size before relaxing)
 .debug_str     0x000011ae      0x1a9 C:\Users\Lenovo\Documents\LPCXpresso_6.1.4_194\workspace2\Lib_EaBaseBoard\Debug\libLib_EaBaseBoard.a(oled.o)
                                0x3c2 (size before relaxing)
 .debug_str     0x00001357      0x136 C:\Users\Lenovo\Documents\LPCXpresso_6.1.4_194\workspace2\Lib_EaBaseBoard\Debug\libLib_EaBaseBoard.a(pca9532.o)
                                0x3fc (size before relaxing)
 .debug_str     0x0000148d       0x22 C:\Users\Lenovo\Documents\LPCXpresso_6.1.4_194\workspace2\Lib_EaBaseBoard\Debug\libLib_EaBaseBoard.a(rgb.o)
                                0x156 (size before relaxing)
 .debug_str     0x000014af       0x33 C:\Users\Lenovo\Documents\LPCXpresso_6.1.4_194\workspace2\Lib_EaBaseBoard\Debug\libLib_EaBaseBoard.a(temp.o)
                                0x179 (size before relaxing)
 .debug_str     0x000014e2       0x11 C:\Users\Lenovo\Documents\LPCXpresso_6.1.4_194\workspace2\Lib_EaBaseBoard\Debug\libLib_EaBaseBoard.a(font5x7.o)
                                 0xcd (size before relaxing)
 .debug_str     0x000014f3      0x386 C:\Users\Lenovo\Documents\LPCXpresso_6.1.4_194\workspace2\Lib_MCU\Debug\libLib_MCU.a(lpc17xx_gpio.o)
                                0x47e (size before relaxing)
 .debug_str     0x00001879      0x309 C:\Users\Lenovo\Documents\LPCXpresso_6.1.4_194\workspace2\Lib_MCU\Debug\libLib_MCU.a(lpc17xx_i2c.o)
                                0x814 (size before relaxing)
 .debug_str     0x00001b82      0x214 C:\Users\Lenovo\Documents\LPCXpresso_6.1.4_194\workspace2\Lib_MCU\Debug\libLib_MCU.a(lpc17xx_pinsel.o)
                                0x3b3 (size before relaxing)
 .debug_str     0x00001d96      0x209 C:\Users\Lenovo\Documents\LPCXpresso_6.1.4_194\workspace2\Lib_MCU\Debug\libLib_MCU.a(lpc17xx_ssp.o)
                                0x491 (size before relaxing)
 .debug_str     0x00001f9f      0x930 C:\Users\Lenovo\Documents\LPCXpresso_6.1.4_194\workspace2\Lib_MCU\Debug\libLib_MCU.a(lpc17xx_uart.o)
                                0xc67 (size before relaxing)
 .debug_str     0x000028cf       0xcb C:\Users\Lenovo\Documents\LPCXpresso_6.1.4_194\workspace2\Lib_MCU\Debug\libLib_MCU.a(lpc17xx_clkpwr.o)
                                0x3af (size before relaxing)
 .debug_str     0x0000299a       0xbc c:/nxp/lpcxpresso_6.1.4_194/lpcxpresso/tools/bin/../lib/gcc/arm-none-eabi/4.6.2/../../../../arm-none-eabi/lib/armv7-m\libcr_newlib_semihost.a(_cr_sbrk.o)
                                0x145 (size before relaxing)
 .debug_str     0x00002a56       0x45 c:/nxp/lpcxpresso_6.1.4_194/lpcxpresso/tools/bin/../lib/gcc/arm-none-eabi/4.6.2/../../../../arm-none-eabi/lib/armv7-m\libcr_newlib_semihost.a(_cr_check_heap.o)
                                 0xd1 (size before relaxing)

.comment        0x00000000       0x9a
 .comment       0x00000000       0x70 ./src/cr_startup_lpc17.o
                                 0x71 (size before relaxing)
 .comment       0x00000000       0x71 ./src/main.o
 .comment       0x00000000       0x71 C:\Users\Lenovo\Documents\LPCXpresso_6.1.4_194\workspace2\Lib_CMSISv1p30_LPC17xx\Debug\libCMSISv1p30_LPC17xx.a(system_LPC17xx.o)
 .comment       0x00000000       0x71 C:\Users\Lenovo\Documents\LPCXpresso_6.1.4_194\workspace2\Lib_EaBaseBoard\Debug\libLib_EaBaseBoard.a(acc.o)
 .comment       0x00000000       0x71 C:\Users\Lenovo\Documents\LPCXpresso_6.1.4_194\workspace2\Lib_EaBaseBoard\Debug\libLib_EaBaseBoard.a(joystick.o)
 .comment       0x00000000       0x71 C:\Users\Lenovo\Documents\LPCXpresso_6.1.4_194\workspace2\Lib_EaBaseBoard\Debug\libLib_EaBaseBoard.a(led7seg.o)
 .comment       0x00000000       0x71 C:\Users\Lenovo\Documents\LPCXpresso_6.1.4_194\workspace2\Lib_EaBaseBoard\Debug\libLib_EaBaseBoard.a(light.o)
 .comment       0x00000000       0x71 C:\Users\Lenovo\Documents\LPCXpresso_6.1.4_194\workspace2\Lib_EaBaseBoard\Debug\libLib_EaBaseBoard.a(oled.o)
 .comment       0x00000000       0x71 C:\Users\Lenovo\Documents\LPCXpresso_6.1.4_194\workspace2\Lib_EaBaseBoard\Debug\libLib_EaBaseBoard.a(pca9532.o)
 .comment       0x00000000       0x71 C:\Users\Lenovo\Documents\LPCXpresso_6.1.4_194\workspace2\Lib_EaBaseBoard\Debug\libLib_EaBaseBoard.a(rgb.o)
 .comment       0x00000000       0x71 C:\Users\Lenovo\Documents\LPCXpresso_6.1.4_194\workspace2\Lib_EaBaseBoard\Debug\libLib_EaBaseBoard.a(temp.o)
 .comment       0x00000000       0x71 C:\Users\Lenovo\Documents\LPCXpresso_6.1.4_194\workspace2\Lib_EaBaseBoard\Debug\libLib_EaBaseBoard.a(font5x7.o)
 .comment       0x00000000       0x71 C:\Users\Lenovo\Documents\LPCXpresso_6.1.4_194\workspace2\Lib_MCU\Debug\libLib_MCU.a(lpc17xx_gpio.o)
 .comment       0x00000000       0x71 C:\Users\Lenovo\Documents\LPCXpresso_6.1.4_194\workspace2\Lib_MCU\Debug\libLib_MCU.a(lpc17xx_i2c.o)
 .comment       0x00000000       0x71 C:\Users\Lenovo\Documents\LPCXpresso_6.1.4_194\workspace2\Lib_MCU\Debug\libLib_MCU.a(lpc17xx_pinsel.o)
 .comment       0x00000000       0x71 C:\Users\Lenovo\Documents\LPCXpresso_6.1.4_194\workspace2\Lib_MCU\Debug\libLib_MCU.a(lpc17xx_ssp.o)
 .comment       0x00000000       0x71 C:\Users\Lenovo\Documents\LPCXpresso_6.1.4_194\workspace2\Lib_MCU\Debug\libLib_MCU.a(lpc17xx_uart.o)
 .comment       0x00000000       0x71 C:\Users\Lenovo\Documents\LPCXpresso_6.1.4_194\workspace2\Lib_MCU\Debug\libLib_MCU.a(lpc17xx_clkpwr.o)
 .comment       0x00000070       0x2a c:/nxp/lpcxpresso_6.1.4_194/lpcxpresso/tools/bin/../lib/gcc/arm-none-eabi/4.6.2/../../../../arm-none-eabi/lib/armv7-m\libcr_newlib_semihost.a(_cr_sbrk.o)
                                 0x2b (size before relaxing)
 .comment       0x00000000       0x2b c:/nxp/lpcxpresso_6.1.4_194/lpcxpresso/tools/bin/../lib/gcc/arm-none-eabi/4.6.2/../../../../arm-none-eabi/lib/armv7-m\libcr_newlib_semihost.a(_cr_check_heap.o)

.ARM.attributes
                0x00000000       0x33
 .ARM.attributes
                0x00000000       0x33 ./src/cr_startup_lpc17.o
 .ARM.attributes
                0x00000033       0x33 ./src/main.o
 .ARM.attributes
                0x00000066       0x33 C:\Users\Lenovo\Documents\LPCXpresso_6.1.4_194\workspace2\Lib_CMSISv1p30_LPC17xx\Debug\libCMSISv1p30_LPC17xx.a(system_LPC17xx.o)
 .ARM.attributes
                0x00000099       0x33 C:\Users\Lenovo\Documents\LPCXpresso_6.1.4_194\workspace2\Lib_EaBaseBoard\Debug\libLib_EaBaseBoard.a(acc.o)
 .ARM.attributes
                0x000000cc       0x33 C:\Users\Lenovo\Documents\LPCXpresso_6.1.4_194\workspace2\Lib_EaBaseBoard\Debug\libLib_EaBaseBoard.a(joystick.o)
 .ARM.attributes
                0x000000ff       0x33 C:\Users\Lenovo\Documents\LPCXpresso_6.1.4_194\workspace2\Lib_EaBaseBoard\Debug\libLib_EaBaseBoard.a(led7seg.o)
 .ARM.attributes
                0x00000132       0x33 C:\Users\Lenovo\Documents\LPCXpresso_6.1.4_194\workspace2\Lib_EaBaseBoard\Debug\libLib_EaBaseBoard.a(light.o)
 .ARM.attributes
                0x00000165       0x33 C:\Users\Lenovo\Documents\LPCXpresso_6.1.4_194\workspace2\Lib_EaBaseBoard\Debug\libLib_EaBaseBoard.a(oled.o)
 .ARM.attributes
                0x00000198       0x33 C:\Users\Lenovo\Documents\LPCXpresso_6.1.4_194\workspace2\Lib_EaBaseBoard\Debug\libLib_EaBaseBoard.a(pca9532.o)
 .ARM.attributes
                0x000001cb       0x33 C:\Users\Lenovo\Documents\LPCXpresso_6.1.4_194\workspace2\Lib_EaBaseBoard\Debug\libLib_EaBaseBoard.a(rgb.o)
 .ARM.attributes
                0x000001fe       0x33 C:\Users\Lenovo\Documents\LPCXpresso_6.1.4_194\workspace2\Lib_EaBaseBoard\Debug\libLib_EaBaseBoard.a(temp.o)
 .ARM.attributes
                0x00000231       0x33 C:\Users\Lenovo\Documents\LPCXpresso_6.1.4_194\workspace2\Lib_EaBaseBoard\Debug\libLib_EaBaseBoard.a(font5x7.o)
 .ARM.attributes
                0x00000264       0x33 C:\Users\Lenovo\Documents\LPCXpresso_6.1.4_194\workspace2\Lib_MCU\Debug\libLib_MCU.a(lpc17xx_gpio.o)
 .ARM.attributes
                0x00000297       0x33 C:\Users\Lenovo\Documents\LPCXpresso_6.1.4_194\workspace2\Lib_MCU\Debug\libLib_MCU.a(lpc17xx_i2c.o)
 .ARM.attributes
                0x000002ca       0x33 C:\Users\Lenovo\Documents\LPCXpresso_6.1.4_194\workspace2\Lib_MCU\Debug\libLib_MCU.a(lpc17xx_pinsel.o)
 .ARM.attributes
                0x000002fd       0x33 C:\Users\Lenovo\Documents\LPCXpresso_6.1.4_194\workspace2\Lib_MCU\Debug\libLib_MCU.a(lpc17xx_ssp.o)
 .ARM.attributes
                0x00000330       0x33 C:\Users\Lenovo\Documents\LPCXpresso_6.1.4_194\workspace2\Lib_MCU\Debug\libLib_MCU.a(lpc17xx_uart.o)
 .ARM.attributes
                0x00000363       0x33 C:\Users\Lenovo\Documents\LPCXpresso_6.1.4_194\workspace2\Lib_MCU\Debug\libLib_MCU.a(lpc17xx_clkpwr.o)
 .ARM.attributes
                0x00000396       0x1d c:/nxp/lpcxpresso_6.1.4_194/lpcxpresso/tools/bin/../lib/gcc/arm-none-eabi/4.6.2/armv7-m\libgcc.a(_arm_addsubdf3.o)
 .ARM.attributes
                0x000003b3       0x1d c:/nxp/lpcxpresso_6.1.4_194/lpcxpresso/tools/bin/../lib/gcc/arm-none-eabi/4.6.2/armv7-m\libgcc.a(_arm_muldivdf3.o)
 .ARM.attributes
                0x000003d0       0x1d c:/nxp/lpcxpresso_6.1.4_194/lpcxpresso/tools/bin/../lib/gcc/arm-none-eabi/4.6.2/armv7-m\libgcc.a(_arm_cmpdf2.o)
 .ARM.attributes
                0x000003ed       0x1d c:/nxp/lpcxpresso_6.1.4_194/lpcxpresso/tools/bin/../lib/gcc/arm-none-eabi/4.6.2/armv7-m\libgcc.a(_aeabi_uldivmod.o)
 .ARM.attributes
                0x0000040a       0x2d c:/nxp/lpcxpresso_6.1.4_194/lpcxpresso/tools/bin/../lib/gcc/arm-none-eabi/4.6.2/armv7-m\libgcc.a(bpabi.o)
 .ARM.attributes
                0x00000437       0x1d c:/nxp/lpcxpresso_6.1.4_194/lpcxpresso/tools/bin/../lib/gcc/arm-none-eabi/4.6.2/armv7-m\libgcc.a(_dvmd_tls.o)
 .ARM.attributes
                0x00000454       0x2d c:/nxp/lpcxpresso_6.1.4_194/lpcxpresso/tools/bin/../lib/gcc/arm-none-eabi/4.6.2/armv7-m\libgcc.a(_divdi3.o)
 .ARM.attributes
                0x00000481       0x2d c:/nxp/lpcxpresso_6.1.4_194/lpcxpresso/tools/bin/../lib/gcc/arm-none-eabi/4.6.2/armv7-m\libgcc.a(_udivdi3.o)
 .ARM.attributes
                0x000004ae       0x2d c:/nxp/lpcxpresso_6.1.4_194/lpcxpresso/tools/bin/../lib/gcc/arm-none-eabi/4.6.2/../../../../arm-none-eabi/lib/armv7-m\libc.a(lib_a-memcpy.o)
 .ARM.attributes
                0x000004db       0x2d c:/nxp/lpcxpresso_6.1.4_194/lpcxpresso/tools/bin/../lib/gcc/arm-none-eabi/4.6.2/../../../../arm-none-eabi/lib/armv7-m\libc.a(lib_a-memset.o)
 .ARM.attributes
                0x00000508       0x2d c:/nxp/lpcxpresso_6.1.4_194/lpcxpresso/tools/bin/../lib/gcc/arm-none-eabi/4.6.2/../../../../arm-none-eabi/lib/armv7-m\libc.a(lib_a-sprintf.o)
 .ARM.attributes
                0x00000535       0x2d c:/nxp/lpcxpresso_6.1.4_194/lpcxpresso/tools/bin/../lib/gcc/arm-none-eabi/4.6.2/../../../../arm-none-eabi/lib/armv7-m\libc.a(lib_a-strlen.o)
 .ARM.attributes
                0x00000562       0x2d c:/nxp/lpcxpresso_6.1.4_194/lpcxpresso/tools/bin/../lib/gcc/arm-none-eabi/4.6.2/../../../../arm-none-eabi/lib/armv7-m\libc.a(lib_a-svfprintf.o)
 .ARM.attributes
                0x0000058f       0x2d c:/nxp/lpcxpresso_6.1.4_194/lpcxpresso/tools/bin/../lib/gcc/arm-none-eabi/4.6.2/../../../../arm-none-eabi/lib/armv7-m\libc.a(lib_a-dtoa.o)
 .ARM.attributes
                0x000005bc       0x2d c:/nxp/lpcxpresso_6.1.4_194/lpcxpresso/tools/bin/../lib/gcc/arm-none-eabi/4.6.2/../../../../arm-none-eabi/lib/armv7-m\libc.a(lib_a-impure.o)
 .ARM.attributes
                0x000005e9       0x2d c:/nxp/lpcxpresso_6.1.4_194/lpcxpresso/tools/bin/../lib/gcc/arm-none-eabi/4.6.2/../../../../arm-none-eabi/lib/armv7-m\libc.a(lib_a-locale.o)
 .ARM.attributes
                0x00000616       0x2d c:/nxp/lpcxpresso_6.1.4_194/lpcxpresso/tools/bin/../lib/gcc/arm-none-eabi/4.6.2/../../../../arm-none-eabi/lib/armv7-m\libc.a(lib_a-mallocr.o)
 .ARM.attributes
                0x00000643       0x2d c:/nxp/lpcxpresso_6.1.4_194/lpcxpresso/tools/bin/../lib/gcc/arm-none-eabi/4.6.2/../../../../arm-none-eabi/lib/armv7-m\libc.a(lib_a-memchr.o)
 .ARM.attributes
                0x00000670       0x2d c:/nxp/lpcxpresso_6.1.4_194/lpcxpresso/tools/bin/../lib/gcc/arm-none-eabi/4.6.2/../../../../arm-none-eabi/lib/armv7-m\libc.a(lib_a-mlock.o)
 .ARM.attributes
                0x0000069d       0x2d c:/nxp/lpcxpresso_6.1.4_194/lpcxpresso/tools/bin/../lib/gcc/arm-none-eabi/4.6.2/../../../../arm-none-eabi/lib/armv7-m\libc.a(lib_a-mprec.o)
 .ARM.attributes
                0x000006ca       0x2d c:/nxp/lpcxpresso_6.1.4_194/lpcxpresso/tools/bin/../lib/gcc/arm-none-eabi/4.6.2/../../../../arm-none-eabi/lib/armv7-m\libc.a(lib_a-s_fpclassify.o)
 .ARM.attributes
                0x000006f7       0x2d c:/nxp/lpcxpresso_6.1.4_194/lpcxpresso/tools/bin/../lib/gcc/arm-none-eabi/4.6.2/../../../../arm-none-eabi/lib/armv7-m\libc.a(lib_a-sbrkr.o)
 .ARM.attributes
                0x00000724       0x2d c:/nxp/lpcxpresso_6.1.4_194/lpcxpresso/tools/bin/../lib/gcc/arm-none-eabi/4.6.2/../../../../arm-none-eabi/lib/armv7-m\libc.a(lib_a-strcmp.o)
 .ARM.attributes
                0x00000751       0x2d c:/nxp/lpcxpresso_6.1.4_194/lpcxpresso/tools/bin/../lib/gcc/arm-none-eabi/4.6.2/../../../../arm-none-eabi/lib/armv7-m\libc.a(lib_a-svfiprintf.o)
 .ARM.attributes
                0x0000077e       0x2d c:/nxp/lpcxpresso_6.1.4_194/lpcxpresso/tools/bin/../lib/gcc/arm-none-eabi/4.6.2/../../../../arm-none-eabi/lib/armv7-m\libc.a(lib_a-callocr.o)
 .ARM.attributes
                0x000007ab       0x2d c:/nxp/lpcxpresso_6.1.4_194/lpcxpresso/tools/bin/../lib/gcc/arm-none-eabi/4.6.2/../../../../arm-none-eabi/lib/armv7-m\libc.a(lib_a-freer.o)
 .ARM.attributes
                0x000007d8       0x2d c:/nxp/lpcxpresso_6.1.4_194/lpcxpresso/tools/bin/../lib/gcc/arm-none-eabi/4.6.2/../../../../arm-none-eabi/lib/armv7-m\libc.a(lib_a-memmove.o)
 .ARM.attributes
                0x00000805       0x2d c:/nxp/lpcxpresso_6.1.4_194/lpcxpresso/tools/bin/../lib/gcc/arm-none-eabi/4.6.2/../../../../arm-none-eabi/lib/armv7-m\libc.a(lib_a-reallocr.o)
 .ARM.attributes
                0x00000832       0x2d c:/nxp/lpcxpresso_6.1.4_194/lpcxpresso/tools/bin/../lib/gcc/arm-none-eabi/4.6.2/../../../../arm-none-eabi/lib/armv7-m\libc.a(lib_a-reent.o)
 .ARM.attributes
                0x0000085f       0x31 c:/nxp/lpcxpresso_6.1.4_194/lpcxpresso/tools/bin/../lib/gcc/arm-none-eabi/4.6.2/../../../../arm-none-eabi/lib/armv7-m\libcr_newlib_semihost.a(_cr_sbrk.o)
 .ARM.attributes
                0x00000890       0x31 c:/nxp/lpcxpresso_6.1.4_194/lpcxpresso/tools/bin/../lib/gcc/arm-none-eabi/4.6.2/../../../../arm-none-eabi/lib/armv7-m\libcr_newlib_semihost.a(_cr_check_heap.o)
 .ARM.attributes
                0x000008c1       0x1d c:/nxp/lpcxpresso_6.1.4_194/lpcxpresso/tools/bin/../lib/gcc/arm-none-eabi/4.6.2/armv7-m\libgcc.a(_arm_fixdfsi.o)
 .ARM.attributes
                0x000008de       0x2d c:/nxp/lpcxpresso_6.1.4_194/lpcxpresso/tools/bin/../lib/gcc/arm-none-eabi/4.6.2/../../../../arm-none-eabi/lib/armv7-m\libc.a(lib_a-errno.o)

.debug_frame    0x00000000     0x21e0
 .debug_frame   0x00000000      0x120 ./src/cr_startup_lpc17.o
 .debug_frame   0x00000120      0x244 ./src/main.o
 .debug_frame   0x00000364       0x48 C:\Users\Lenovo\Documents\LPCXpresso_6.1.4_194\workspace2\Lib_CMSISv1p30_LPC17xx\Debug\libCMSISv1p30_LPC17xx.a(system_LPC17xx.o)
 .debug_frame   0x000003ac      0x12c C:\Users\Lenovo\Documents\LPCXpresso_6.1.4_194\workspace2\Lib_EaBaseBoard\Debug\libLib_EaBaseBoard.a(acc.o)
 .debug_frame   0x000004d8       0x4c C:\Users\Lenovo\Documents\LPCXpresso_6.1.4_194\workspace2\Lib_EaBaseBoard\Debug\libLib_EaBaseBoard.a(joystick.o)
 .debug_frame   0x00000524       0x4c C:\Users\Lenovo\Documents\LPCXpresso_6.1.4_194\workspace2\Lib_EaBaseBoard\Debug\libLib_EaBaseBoard.a(led7seg.o)
 .debug_frame   0x00000570      0x208 C:\Users\Lenovo\Documents\LPCXpresso_6.1.4_194\workspace2\Lib_EaBaseBoard\Debug\libLib_EaBaseBoard.a(light.o)
 .debug_frame   0x00000778      0x1ec C:\Users\Lenovo\Documents\LPCXpresso_6.1.4_194\workspace2\Lib_EaBaseBoard\Debug\libLib_EaBaseBoard.a(oled.o)
 .debug_frame   0x00000964      0x1a8 C:\Users\Lenovo\Documents\LPCXpresso_6.1.4_194\workspace2\Lib_EaBaseBoard\Debug\libLib_EaBaseBoard.a(pca9532.o)
 .debug_frame   0x00000b0c       0x4c C:\Users\Lenovo\Documents\LPCXpresso_6.1.4_194\workspace2\Lib_EaBaseBoard\Debug\libLib_EaBaseBoard.a(rgb.o)
 .debug_frame   0x00000b58       0x50 C:\Users\Lenovo\Documents\LPCXpresso_6.1.4_194\workspace2\Lib_EaBaseBoard\Debug\libLib_EaBaseBoard.a(temp.o)
 .debug_frame   0x00000ba8      0x2c4 C:\Users\Lenovo\Documents\LPCXpresso_6.1.4_194\workspace2\Lib_MCU\Debug\libLib_MCU.a(lpc17xx_gpio.o)
 .debug_frame   0x00000e6c      0x2c8 C:\Users\Lenovo\Documents\LPCXpresso_6.1.4_194\workspace2\Lib_MCU\Debug\libLib_MCU.a(lpc17xx_i2c.o)
 .debug_frame   0x00001134       0xbc C:\Users\Lenovo\Documents\LPCXpresso_6.1.4_194\workspace2\Lib_MCU\Debug\libLib_MCU.a(lpc17xx_pinsel.o)
 .debug_frame   0x000011f0      0x280 C:\Users\Lenovo\Documents\LPCXpresso_6.1.4_194\workspace2\Lib_MCU\Debug\libLib_MCU.a(lpc17xx_ssp.o)
 .debug_frame   0x00001470      0x44c C:\Users\Lenovo\Documents\LPCXpresso_6.1.4_194\workspace2\Lib_MCU\Debug\libLib_MCU.a(lpc17xx_uart.o)
 .debug_frame   0x000018bc      0x10c C:\Users\Lenovo\Documents\LPCXpresso_6.1.4_194\workspace2\Lib_MCU\Debug\libLib_MCU.a(lpc17xx_clkpwr.o)
 .debug_frame   0x000019c8       0x50 c:/nxp/lpcxpresso_6.1.4_194/lpcxpresso/tools/bin/../lib/gcc/arm-none-eabi/4.6.2/armv7-m\libgcc.a(bpabi.o)
 .debug_frame   0x00001a18       0x34 c:/nxp/lpcxpresso_6.1.4_194/lpcxpresso/tools/bin/../lib/gcc/arm-none-eabi/4.6.2/armv7-m\libgcc.a(_divdi3.o)
 .debug_frame   0x00001a4c       0x34 c:/nxp/lpcxpresso_6.1.4_194/lpcxpresso/tools/bin/../lib/gcc/arm-none-eabi/4.6.2/armv7-m\libgcc.a(_udivdi3.o)
 .debug_frame   0x00001a80       0x2c c:/nxp/lpcxpresso_6.1.4_194/lpcxpresso/tools/bin/../lib/gcc/arm-none-eabi/4.6.2/../../../../arm-none-eabi/lib/armv7-m\libc.a(lib_a-memcpy.o)
 .debug_frame   0x00001aac       0x2c c:/nxp/lpcxpresso_6.1.4_194/lpcxpresso/tools/bin/../lib/gcc/arm-none-eabi/4.6.2/../../../../arm-none-eabi/lib/armv7-m\libc.a(lib_a-memset.o)
 .debug_frame   0x00001ad8       0x64 c:/nxp/lpcxpresso_6.1.4_194/lpcxpresso/tools/bin/../lib/gcc/arm-none-eabi/4.6.2/../../../../arm-none-eabi/lib/armv7-m\libc.a(lib_a-sprintf.o)
 .debug_frame   0x00001b3c       0x20 c:/nxp/lpcxpresso_6.1.4_194/lpcxpresso/tools/bin/../lib/gcc/arm-none-eabi/4.6.2/../../../../arm-none-eabi/lib/armv7-m\libc.a(lib_a-strlen.o)
 .debug_frame   0x00001b5c       0x3c c:/nxp/lpcxpresso_6.1.4_194/lpcxpresso/tools/bin/../lib/gcc/arm-none-eabi/4.6.2/../../../../arm-none-eabi/lib/armv7-m\libc.a(lib_a-svfprintf.o)
 .debug_frame   0x00001b98       0x64 c:/nxp/lpcxpresso_6.1.4_194/lpcxpresso/tools/bin/../lib/gcc/arm-none-eabi/4.6.2/../../../../arm-none-eabi/lib/armv7-m\libc.a(lib_a-dtoa.o)
 .debug_frame   0x00001bfc       0x98 c:/nxp/lpcxpresso_6.1.4_194/lpcxpresso/tools/bin/../lib/gcc/arm-none-eabi/4.6.2/../../../../arm-none-eabi/lib/armv7-m\libc.a(lib_a-locale.o)
 .debug_frame   0x00001c94       0x38 c:/nxp/lpcxpresso_6.1.4_194/lpcxpresso/tools/bin/../lib/gcc/arm-none-eabi/4.6.2/../../../../arm-none-eabi/lib/armv7-m\libc.a(lib_a-mallocr.o)
 .debug_frame   0x00001ccc       0x2c c:/nxp/lpcxpresso_6.1.4_194/lpcxpresso/tools/bin/../lib/gcc/arm-none-eabi/4.6.2/../../../../arm-none-eabi/lib/armv7-m\libc.a(lib_a-memchr.o)
 .debug_frame   0x00001cf8       0x30 c:/nxp/lpcxpresso_6.1.4_194/lpcxpresso/tools/bin/../lib/gcc/arm-none-eabi/4.6.2/../../../../arm-none-eabi/lib/armv7-m\libc.a(lib_a-mlock.o)
 .debug_frame   0x00001d28      0x228 c:/nxp/lpcxpresso_6.1.4_194/lpcxpresso/tools/bin/../lib/gcc/arm-none-eabi/4.6.2/../../../../arm-none-eabi/lib/armv7-m\libc.a(lib_a-mprec.o)
 .debug_frame   0x00001f50       0x20 c:/nxp/lpcxpresso_6.1.4_194/lpcxpresso/tools/bin/../lib/gcc/arm-none-eabi/4.6.2/../../../../arm-none-eabi/lib/armv7-m\libc.a(lib_a-s_fpclassify.o)
 .debug_frame   0x00001f70       0x2c c:/nxp/lpcxpresso_6.1.4_194/lpcxpresso/tools/bin/../lib/gcc/arm-none-eabi/4.6.2/../../../../arm-none-eabi/lib/armv7-m\libc.a(lib_a-sbrkr.o)
 .debug_frame   0x00001f9c       0x30 c:/nxp/lpcxpresso_6.1.4_194/lpcxpresso/tools/bin/../lib/gcc/arm-none-eabi/4.6.2/../../../../arm-none-eabi/lib/armv7-m\libc.a(lib_a-strcmp.o)
 .debug_frame   0x00001fcc       0x64 c:/nxp/lpcxpresso_6.1.4_194/lpcxpresso/tools/bin/../lib/gcc/arm-none-eabi/4.6.2/../../../../arm-none-eabi/lib/armv7-m\libc.a(lib_a-svfiprintf.o)
 .debug_frame   0x00002030       0x28 c:/nxp/lpcxpresso_6.1.4_194/lpcxpresso/tools/bin/../lib/gcc/arm-none-eabi/4.6.2/../../../../arm-none-eabi/lib/armv7-m\libc.a(lib_a-callocr.o)
 .debug_frame   0x00002058       0x50 c:/nxp/lpcxpresso_6.1.4_194/lpcxpresso/tools/bin/../lib/gcc/arm-none-eabi/4.6.2/../../../../arm-none-eabi/lib/armv7-m\libc.a(lib_a-freer.o)
 .debug_frame   0x000020a8       0x2c c:/nxp/lpcxpresso_6.1.4_194/lpcxpresso/tools/bin/../lib/gcc/arm-none-eabi/4.6.2/../../../../arm-none-eabi/lib/armv7-m\libc.a(lib_a-memmove.o)
 .debug_frame   0x000020d4       0x38 c:/nxp/lpcxpresso_6.1.4_194/lpcxpresso/tools/bin/../lib/gcc/arm-none-eabi/4.6.2/../../../../arm-none-eabi/lib/armv7-m\libc.a(lib_a-reallocr.o)
 .debug_frame   0x0000210c       0x68 c:/nxp/lpcxpresso_6.1.4_194/lpcxpresso/tools/bin/../lib/gcc/arm-none-eabi/4.6.2/../../../../arm-none-eabi/lib/armv7-m\libc.a(lib_a-reent.o)
 .debug_frame   0x00002174       0x2c c:/nxp/lpcxpresso_6.1.4_194/lpcxpresso/tools/bin/../lib/gcc/arm-none-eabi/4.6.2/../../../../arm-none-eabi/lib/armv7-m\libcr_newlib_semihost.a(_cr_sbrk.o)
 .debug_frame   0x000021a0       0x20 c:/nxp/lpcxpresso_6.1.4_194/lpcxpresso/tools/bin/../lib/gcc/arm-none-eabi/4.6.2/../../../../arm-none-eabi/lib/armv7-m\libcr_newlib_semihost.a(_cr_check_heap.o)
 .debug_frame   0x000021c0       0x20 c:/nxp/lpcxpresso_6.1.4_194/lpcxpresso/tools/bin/../lib/gcc/arm-none-eabi/4.6.2/../../../../arm-none-eabi/lib/armv7-m\libc.a(lib_a-errno.o)

.debug_pubnames
                0x00000000       0x68
 .debug_pubnames
                0x00000000       0x2e c:/nxp/lpcxpresso_6.1.4_194/lpcxpresso/tools/bin/../lib/gcc/arm-none-eabi/4.6.2/../../../../arm-none-eabi/lib/armv7-m\libcr_newlib_semihost.a(_cr_sbrk.o)
 .debug_pubnames
                0x0000002e       0x3a c:/nxp/lpcxpresso_6.1.4_194/lpcxpresso/tools/bin/../lib/gcc/arm-none-eabi/4.6.2/../../../../arm-none-eabi/lib/armv7-m\libcr_newlib_semihost.a(_cr_check_heap.o)

.debug_pubtypes
                0x00000000       0x1d
 .debug_pubtypes
                0x00000000       0x1d c:/nxp/lpcxpresso_6.1.4_194/lpcxpresso/tools/bin/../lib/gcc/arm-none-eabi/4.6.2/../../../../arm-none-eabi/lib/armv7-m\libcr_newlib_semihost.a(_cr_sbrk.o)
